Component: ARM Compiler 6.16 Tool: armlink [5dfeaa00]

==============================================================================

Section Cross References

    main.o(.text) refers (Special) to _printf_f.o(.ARM.Collect$$_printf_percent$$00000003) for _printf_f
    main.o(.text) refers (Special) to printf1.o(x$fpl$printf1) for _printf_fp_dec
    main.o(.text) refers (Special) to _printf_percent.o(.ARM.Collect$$_printf_percent$$00000000) for _printf_percent
    main.o(.text.ProcessBuffer) refers (Special) to _printf_f.o(.ARM.Collect$$_printf_percent$$00000003) for _printf_f
    main.o(.text.ProcessBuffer) refers (Special) to printf1.o(x$fpl$printf1) for _printf_fp_dec
    main.o(.text.ProcessBuffer) refers (Special) to _printf_percent.o(.ARM.Collect$$_printf_percent$$00000000) for _printf_percent
    main.o(.text.ProcessBuffer) refers to rt_memclr.o(.text) for __aeabi_memclr4
    main.o(.text.ProcessBuffer) refers to strtok.o(.text) for strtok
    main.o(.text.ProcessBuffer) refers to atoi.o(.text) for atoi
    main.o(.text.ProcessBuffer) refers to main.o(.bss.buffer) for buffer
    main.o(.text.ProcessBuffer) refers to main.o(.bss..L_MergedGlobals.3) for [Anonymous Symbol]
    main.o(.text.ProcessBuffer) refers to main.o(.bss.buffer_of_ints) for buffer_of_ints
    main.o(.text.ProcessBuffer) refers to main.o(.bss..L_MergedGlobals.2) for [Anonymous Symbol]
    main.o(.text.ProcessBuffer) refers to main.o(.rodata.str1.1) for [Anonymous Symbol]
    main.o(.ARM.exidx.text.ProcessBuffer) refers (Special) to _printf_f.o(.ARM.Collect$$_printf_percent$$00000003) for _printf_f
    main.o(.ARM.exidx.text.ProcessBuffer) refers (Special) to printf1.o(x$fpl$printf1) for _printf_fp_dec
    main.o(.ARM.exidx.text.ProcessBuffer) refers (Special) to _printf_percent.o(.ARM.Collect$$_printf_percent$$00000000) for _printf_percent
    main.o(.ARM.exidx.text.ProcessBuffer) refers to main.o(.text.ProcessBuffer) for [Anonymous Symbol]
    main.o(.text.UART_ReceiveChar) refers (Special) to _printf_f.o(.ARM.Collect$$_printf_percent$$00000003) for _printf_f
    main.o(.text.UART_ReceiveChar) refers (Special) to printf1.o(x$fpl$printf1) for _printf_fp_dec
    main.o(.text.UART_ReceiveChar) refers (Special) to _printf_percent.o(.ARM.Collect$$_printf_percent$$00000000) for _printf_percent
    main.o(.ARM.exidx.text.UART_ReceiveChar) refers (Special) to _printf_f.o(.ARM.Collect$$_printf_percent$$00000003) for _printf_f
    main.o(.ARM.exidx.text.UART_ReceiveChar) refers (Special) to printf1.o(x$fpl$printf1) for _printf_fp_dec
    main.o(.ARM.exidx.text.UART_ReceiveChar) refers (Special) to _printf_percent.o(.ARM.Collect$$_printf_percent$$00000000) for _printf_percent
    main.o(.ARM.exidx.text.UART_ReceiveChar) refers to main.o(.text.UART_ReceiveChar) for [Anonymous Symbol]
    main.o(.text.setup) refers (Special) to _printf_f.o(.ARM.Collect$$_printf_percent$$00000003) for _printf_f
    main.o(.text.setup) refers (Special) to printf1.o(x$fpl$printf1) for _printf_fp_dec
    main.o(.text.setup) refers (Special) to _printf_percent.o(.ARM.Collect$$_printf_percent$$00000000) for _printf_percent
    main.o(.text.setup) refers to fflti.o(.text) for __aeabi_i2f
    main.o(.text.setup) refers to fmul.o(x$fpl$fmul) for __aeabi_fmul
    main.o(.text.setup) refers to main.o(.bss..L_MergedGlobals.2) for [Anonymous Symbol]
    main.o(.text.setup) refers to main.o(.data..L_MergedGlobals) for [Anonymous Symbol]
    main.o(.ARM.exidx.text.setup) refers (Special) to _printf_f.o(.ARM.Collect$$_printf_percent$$00000003) for _printf_f
    main.o(.ARM.exidx.text.setup) refers (Special) to printf1.o(x$fpl$printf1) for _printf_fp_dec
    main.o(.ARM.exidx.text.setup) refers (Special) to _printf_percent.o(.ARM.Collect$$_printf_percent$$00000000) for _printf_percent
    main.o(.ARM.exidx.text.setup) refers to main.o(.text.setup) for [Anonymous Symbol]
    main.o(.text.SystemClock_Config) refers (Special) to _printf_f.o(.ARM.Collect$$_printf_percent$$00000003) for _printf_f
    main.o(.text.SystemClock_Config) refers (Special) to printf1.o(x$fpl$printf1) for _printf_fp_dec
    main.o(.text.SystemClock_Config) refers (Special) to _printf_percent.o(.ARM.Collect$$_printf_percent$$00000000) for _printf_percent
    main.o(.ARM.exidx.text.SystemClock_Config) refers (Special) to _printf_f.o(.ARM.Collect$$_printf_percent$$00000003) for _printf_f
    main.o(.ARM.exidx.text.SystemClock_Config) refers (Special) to printf1.o(x$fpl$printf1) for _printf_fp_dec
    main.o(.ARM.exidx.text.SystemClock_Config) refers (Special) to _printf_percent.o(.ARM.Collect$$_printf_percent$$00000000) for _printf_percent
    main.o(.ARM.exidx.text.SystemClock_Config) refers to main.o(.text.SystemClock_Config) for [Anonymous Symbol]
    main.o(.text.odnopolyarnii_polojitelnii) refers (Special) to _printf_f.o(.ARM.Collect$$_printf_percent$$00000003) for _printf_f
[...]
    rtexit.o(.ARM.exidx) refers to rtexit.o(.ARM.Collect$$rtexit$$00000000) for .ARM.Collect$$rtexit$$00000000
    rt_raise.o(.text) refers to __raise.o(.text) for __raise
    rt_raise.o(.text) refers to sys_exit.o(.text) for _sys_exit
    defsig_exit.o(.text) refers to sys_exit.o(.text) for _sys_exit
    defsig_fpe_inner.o(.text) refers to defsig_general.o(.text) for __default_signal_display
    sys_exit.o(.text) refers (Special) to use_no_semi.o(.text) for __I$use$semihosting
    sys_exit.o(.text) refers (Special) to indicate_semi.o(.text) for __semihosting_library_function
    sys_exit_hlt.o(.text) refers (Special) to use_no_semi.o(.text) for __I$use$semihosting
    sys_exit_hlt.o(.text) refers (Special) to indicate_semi.o(.text) for __semihosting_library_function
    rtexit2.o(.ARM.Collect$$rtexit$$00000003) refers to libshutdown.o(.ARM.Collect$$libshutdown$$00000000) for __rt_lib_shutdown
    rtexit2.o(.ARM.Collect$$rtexit$$00000004) refers to sys_exit.o(.text) for _sys_exit
    rtexit2.o(.ARM.exidx) refers to rtexit2.o(.ARM.Collect$$rtexit$$00000001) for .ARM.Collect$$rtexit$$00000001
    rtexit2.o(.ARM.exidx) refers to rtexit2.o(.ARM.Collect$$rtexit$$00000003) for .ARM.Collect$$rtexit$$00000003
    rtexit2.o(.ARM.exidx) refers to rtexit2.o(.ARM.Collect$$rtexit$$00000004) for .ARM.Collect$$rtexit$$00000004
    __raise.o(.text) refers to defsig.o(CL$$defsig) for __default_signal_handler
    defsig_general.o(.text) refers to sys_wrch.o(.text) for _ttywrch
    _get_argv_nomalloc.o(.text) refers (Special) to hrguard.o(.text) for __heap_region$guard
    _get_argv_nomalloc.o(.text) refers to defsig_rtmem_outer.o(.text) for __rt_SIGRTMEM
    _get_argv_nomalloc.o(.text) refers to sys_command.o(.text) for _sys_command_string
    sys_wrch.o(.text) refers (Special) to use_no_semi.o(.text) for __I$use$semihosting
    sys_wrch.o(.text) refers (Special) to indicate_semi.o(.text) for __semihosting_library_function
    sys_command.o(.text) refers (Special) to use_no_semi.o(.text) for __I$use$semihosting
    sys_command.o(.text) refers (Special) to indicate_semi.o(.text) for __semihosting_library_function
    sys_wrch_hlt.o(.text) refers (Special) to use_no_semi.o(.text) for __I$use$semihosting
    sys_wrch_hlt.o(.text) refers (Special) to indicate_semi.o(.text) for __semihosting_library_function
    sys_command_hlt.o(.text) refers (Special) to use_no_semi.o(.text) for __I$use$semihosting
    sys_command_hlt.o(.text) refers (Special) to indicate_semi.o(.text) for __semihosting_library_function
    defsig_rtmem_outer.o(.text) refers to defsig_rtmem_inner.o(.text) for __rt_SIGRTMEM_inner
    defsig_rtmem_outer.o(.text) refers to defsig_exit.o(.text) for __sig_exit
    defsig_rtmem_formal.o(.text) refers to rt_raise.o(.text) for __rt_raise
    defsig.o(CL$$defsig) refers to defsig_fpe_inner.o(.text) for __rt_SIGFPE_inner
    defsig.o(CL$$defsig) refers to defsig_rtmem_inner.o(.text) for __rt_SIGRTMEM_inner
    libshutdown.o(.ARM.Collect$$libshutdown$$00000000) refers (Special) to libshutdown2.o(.ARM.Collect$$libshutdown$$00000002) for __rt_lib_shutdown_cpp_1
    libshutdown.o(.ARM.Collect$$libshutdown$$00000000) refers (Special) to libshutdown2.o(.ARM.Collect$$libshutdown$$00000007) for __rt_lib_shutdown_fp_trap_1
    libshutdown.o(.ARM.Collect$$libshutdown$$00000000) refers (Special) to libshutdown2.o(.ARM.Collect$$libshutdown$$0000000F) for __rt_lib_shutdown_heap_1
    libshutdown.o(.ARM.Collect$$libshutdown$$00000000) refers (Special) to libshutdown2.o(.ARM.Collect$$libshutdown$$00000010) for __rt_lib_shutdown_return
    libshutdown.o(.ARM.Collect$$libshutdown$$00000000) refers (Special) to libshutdown2.o(.ARM.Collect$$libshutdown$$0000000A) for __rt_lib_shutdown_signal_1
    libshutdown.o(.ARM.Collect$$libshutdown$$00000000) refers (Special) to libshutdown2.o(.ARM.Collect$$libshutdown$$00000004) for __rt_lib_shutdown_stdio_1
    libshutdown.o(.ARM.Collect$$libshutdown$$00000000) refers (Special) to libshutdown2.o(.ARM.Collect$$libshutdown$$0000000C) for __rt_lib_shutdown_user_alloc_1
    defsig_abrt_inner.o(.text) refers to defsig_general.o(.text) for __default_signal_display
    defsig_rtred_inner.o(.text) refers to defsig_general.o(.text) for __default_signal_display
    defsig_rtmem_inner.o(.text) refers to defsig_general.o(.text) for __default_signal_display
    defsig_stak_inner.o(.text) refers to defsig_general.o(.text) for __default_signal_display
    defsig_pvfn_inner.o(.text) refers to defsig_general.o(.text) for __default_signal_display
    defsig_cppl_inner.o(.text) refers to defsig_general.o(.text) for __default_signal_display
    defsig_segv_inner.o(.text) refers to defsig_general.o(.text) for __default_signal_display
    defsig_other.o(.text) refers to defsig_general.o(.text) for __default_signal_display


==============================================================================

Removing Unused input sections from the image.

    Removing main.o(.text), (0 bytes).
    Removing main.o(.text.ProcessBuffer), (132 bytes).
    Removing main.o(.ARM.exidx.text.ProcessBuffer), (8 bytes).
    Removing main.o(.text.UART_ReceiveChar), (20 bytes).
    Removing main.o(.ARM.exidx.text.UART_ReceiveChar), (8 bytes).
    Removing main.o(.text.setup), (68 bytes).
    Removing main.o(.ARM.exidx.text.setup), (8 bytes).
    Removing main.o(.text.SystemClock_Config), (92 bytes).
    Removing main.o(.ARM.exidx.text.SystemClock_Config), (8 bytes).
    Removing main.o(.text.odnopolyarnii_polojitelnii), (40 bytes).
    Removing main.o(.ARM.exidx.text.odnopolyarnii_polojitelnii), (8 bytes).
    Removing main.o(.text.odnopolyarnii_otricatelnii), (48 bytes).
    Removing main.o(.ARM.exidx.text.odnopolyarnii_otricatelnii), (8 bytes).
    Removing main.o(.text.dvupolyarnii), (36 bytes).
    Removing main.o(.ARM.exidx.text.dvupolyarnii), (8 bytes).
    Removing main.o(.ARM.exidx.text.main), (8 bytes).
    Removing main.o(.ARM.exidx.text.TIM2_IRQHandler), (8 bytes).
    Removing main.o(.ARM.exidx.text.TIM6_DAC_IRQHandler), (8 bytes).
    Removing main.o(.ARM.exidx.text.TIM7_IRQHandler), (8 bytes).
    Removing main.o(.data.U), (4 bytes).
    Removing main.o(.bss.firstInter), (4 bytes).
    Removing main.o(.bss.counter), (4 bytes).
    Removing main.o(.data.cycle), (4 bytes).
    Removing main.o(.bss.I1), (4 bytes).
    Removing main.o(.bss.Startuem), (4 bytes).
    Removing main.o(.bss.vhod), (4 bytes).
    Removing main.o(.bss.first_inter_tim6), (4 bytes).
    Removing main.o(.bss.first_inter_tim7), (4 bytes).
    Removing main.o(.ARM.use_no_argv), (4 bytes).
    Removing uart_init.o(.text), (0 bytes).
    Removing uart_init.o(.ARM.exidx.text.UART_Init), (8 bytes).
    Removing uart_init.o(.ARM.exidx.text.UART_SendString), (8 bytes).
    Removing pwm_init.o(.text), (0 bytes).
    Removing pwm_init.o(.ARM.exidx.text.ports_for_timers_init), (8 bytes).
    Removing pwm_init.o(.ARM.exidx.text.TIM2_setup), (8 bytes).
    Removing pwm_init.o(.text.TIM2_CH_3_start), (40 bytes).
    Removing pwm_init.o(.ARM.exidx.text.TIM2_CH_3_start), (8 bytes).
    Removing pwm_init.o(.ARM.exidx.text.TIM2_CH_2_start), (8 bytes).
    Removing pwm_init.o(.ARM.exidx.text.TIM3_setup), (8 bytes).
    Removing pwm_init.o(.ARM.exidx.text.TIM6_setup), (8 bytes).
    Removing pwm_init.o(.ARM.exidx.text.TIM7_setup), (8 bytes).
    Removing pwm_init.o(.ARM.exidx.text.start_counting_time_mks), (8 bytes).
    Removing pwm_init.o(.ARM.exidx.text.start_count_for_delay), (8 bytes).
    Removing pwm_init.o(.text.off_all_channels), (64 bytes).
    Removing pwm_init.o(.ARM.exidx.text.off_all_channels), (8 bytes).
    Removing adc_holl.o(.text), (0 bytes).
    Removing adc_holl.o(.ARM.exidx.text.config_DAC), (8 bytes).
    Removing adc_holl.o(.ARM.exidx.text.Read_ADC), (8 bytes).
    Removing system_stm32f0xx.o(.text), (0 bytes).
    Removing system_stm32f0xx.o(.ARM.exidx.text.SystemInit), (8 bytes).
    Removing system_stm32f0xx.o(.text.SystemCoreClockUpdate), (116 bytes).
    Removing system_stm32f0xx.o(.ARM.exidx.text.SystemCoreClockUpdate), (8 bytes).
    Removing system_stm32f0xx.o(.data.SystemCoreClock), (4 bytes).
    Removing system_stm32f0xx.o(.rodata.AHBPrescTable), (16 bytes).
    Removing system_stm32f0xx.o(.rodata.APBPrescTable), (8 bytes).

55 unused section(s) (total 940 bytes) removed from the image.

==============================================================================

Image Symbol Table

    Local Symbols

    Symbol Name                              Value     Ov Type        Size  Object(Section)

    ../clib/angel/boardlib.s                 0x00000000   Number         0  boardinit1.o ABSOLUTE
    ../clib/angel/boardlib.s                 0x00000000   Number         0  boardinit2.o ABSOLUTE
    ../clib/angel/boardlib.s                 0x00000000   Number         0  boardinit3.o ABSOLUTE
    ../clib/angel/boardlib.s                 0x00000000   Number         0  boardshut.o ABSOLUTE
    ../clib/angel/handlers.s                 0x00000000   Number         0  __scatter_copy.o ABSOLUTE
    ../clib/angel/handlers.s                 0x00000000   Number         0  __scatter_zi.o ABSOLUTE
    ../clib/angel/kernel.s                   0x00000000   Number         0  __rtentry.o ABSOLUTE
    ../clib/angel/kernel.s                   0x00000000   Number         0  __rtentry2.o ABSOLUTE
    ../clib/angel/kernel.s                   0x00000000   Number         0  __rtentry4.o ABSOLUTE
    ../clib/angel/kernel.s                   0x00000000   Number         0  rtexit.o ABSOLUTE
    ../clib/angel/kernel.s                   0x00000000   Number         0  rtexit2.o ABSOLUTE
    ../clib/angel/rt.s                       0x00000000   Number         0  aeabi_idiv0.o ABSOLUTE
    ../clib/angel/rt.s                       0x00000000   Number         0  aeabi_idiv0_sigfpe.o ABSOLUTE
    ../clib/angel/rt.s                       0x00000000   Number         0  rt_errno_addr.o ABSOLUTE
    ../clib/angel/rt.s                       0x00000000   Number         0  rt_errno_addr_intlibspace.o ABSOLUTE
    ../clib/angel/rt.s                       0x00000000   Number         0  rt_ctype_table.o ABSOLUTE
    ../clib/angel/rt.s                       0x00000000   Number         0  rt_div0.o ABSOLUTE
    ../clib/angel/rt.s                       0x00000000   Number         0  rt_locale.o ABSOLUTE
    ../clib/angel/rt.s                       0x00000000   Number         0  rt_locale_intlibspace.o ABSOLUTE
    ../clib/angel/rt.s                       0x00000000   Number         0  rt_raise.o ABSOLUTE
    ../clib/angel/scatterp.s                 0x00000000   Number         0  __scatter.o ABSOLUTE
    ../clib/angel/startup.s                  0x00000000   Number         0  __main.o ABSOLUTE
    ../clib/angel/sys.s                      0x00000000   Number         0  libspace.o ABSOLUTE
    ../clib/angel/sys.s                      0x00000000   Number         0  sys_stackheap_outer.o ABSOLUTE
    ../clib/angel/sys.s                      0x00000000   Number         0  tempstk.o ABSOLUTE
    ../clib/angel/sys.s                      0x00000000   Number         0  use_no_semi.o ABSOLUTE
    ../clib/angel/sys.s                      0x00000000   Number         0  indicate_semi.o ABSOLUTE
    ../clib/angel/sysapp.c                   0x00000000   Number         0  sys_exit.o ABSOLUTE
    ../clib/angel/sysapp.c                   0x00000000   Number         0  sys_exit_hlt.o ABSOLUTE
    ../clib/angel/sysapp.c                   0x00000000   Number         0  sys_wrch.o ABSOLUTE
    ../clib/angel/sysapp.c                   0x00000000   Number         0  sys_command.o ABSOLUTE
    ../clib/angel/sysapp.c                   0x00000000   Number         0  sys_wrch_hlt.o ABSOLUTE
    ../clib/angel/sysapp.c                   0x00000000   Number         0  sys_command_hlt.o ABSOLUTE
    ../clib/armsys.c                         0x00000000   Number         0  argv_veneer.o ABSOLUTE
    ../clib/armsys.c                         0x00000000   Number         0  _get_argv_nomalloc.o ABSOLUTE
    ../clib/armsys.c                         0x00000000   Number         0  no_argv.o ABSOLUTE
    ../clib/bigflt.c                         0x00000000   Number         0  bigflt0.o ABSOLUTE
    ../clib/btod.c                           0x00000000   Number         0  btod.o ABSOLUTE
    ../clib/btod_accurate.c                  0x00000000   Number         0  btod_accurate.o ABSOLUTE
    ../clib/btod_accurate.c                  0x00000000   Number         0  btod_accurate_common.o ABSOLUTE
    ../clib/division.c                       0x00000000   Number         0  lludiv10.o ABSOLUTE
    ../clib/division.c                       0x00000000   Number         0  rtudiv10.o ABSOLUTE
    ../clib/division.s                       0x00000000   Number         0  aeabi_sdivfast.o ABSOLUTE
    ../clib/division.s                       0x00000000   Number         0  aeabi_sdivfast_div0.o ABSOLUTE
    ../clib/heapalloc.c                      0x00000000   Number         0  hrguard.o ABSOLUTE
    ../clib/heapaux.c                        0x00000000   Number         0  heapauxi.o ABSOLUTE
    ../clib/libinit.s                        0x00000000   Number         0  libinit.o ABSOLUTE
    ../clib/libinit.s                        0x00000000   Number         0  libinit2.o ABSOLUTE
    ../clib/libinit.s                        0x00000000   Number         0  libshutdown.o ABSOLUTE
    ../clib/libinit.s                        0x00000000   Number         0  libshutdown2.o ABSOLUTE
    ../clib/locale.s                         0x00000000   Number         0  lc_numeric_c.o ABSOLUTE
    ../clib/locale.s                         0x00000000   Number         0  lc_ctype_c.o ABSOLUTE
    ../clib/longlong.c                       0x00000000   Number         0  llushr.o ABSOLUTE
    ../clib/memcpset.c                       0x00000000   Number         0  rt_memclr.o ABSOLUTE
    ../clib/memcpset.s                       0x00000000   Number         0  strcmpv6m.o ABSOLUTE
    ../clib/misc.s                           0x00000000   Number         0  printf_stubs.o ABSOLUTE
    ../clib/printf.c                         0x00000000   Number         0  __2sprintf.o ABSOLUTE
    ../clib/printf.c                         0x00000000   Number         0  noretval__2sprintf.o ABSOLUTE
    ../clib/printf.c                         0x00000000   Number         0  __printf.o ABSOLUTE
    ../clib/printf.c                         0x00000000   Number         0  __printf_flags.o ABSOLUTE
    ../clib/printf.c                         0x00000000   Number         0  __printf_ss.o ABSOLUTE
    ../clib/printf.c                         0x00000000   Number         0  __printf_flags_ss.o ABSOLUTE
    ../clib/printf.c                         0x00000000   Number         0  __printf_wp.o ABSOLUTE
    ../clib/printf.c                         0x00000000   Number         0  __printf_flags_wp.o ABSOLUTE
    ../clib/printf.c                         0x00000000   Number         0  __printf_ss_wp.o ABSOLUTE
    ../clib/printf.c                         0x00000000   Number         0  __printf_flags_ss_wp.o ABSOLUTE
    ../clib/printf.c                         0x00000000   Number         0  _printf_fp_dec.o ABSOLUTE
    ../clib/printf.c                         0x00000000   Number         0  _printf_fp_dec_accurate.o ABSOLUTE
    ../clib/printf.c                         0x00000000   Number         0  _printf_char_common.o ABSOLUTE
    ../clib/printf.c                         0x00000000   Number         0  _sputc.o ABSOLUTE
    ../clib/printf.c                         0x00000000   Number         0  _printf_fp_infnan.o ABSOLUTE
    ../clib/printf.c                         0x00000000   Number         0  __printf_nopercent.o ABSOLUTE
    ../clib/printf_percent.s                 0x00000000   Number         0  _printf_f.o ABSOLUTE
    ../clib/printf_percent.s                 0x00000000   Number         0  _printf_percent.o ABSOLUTE
    ../clib/printf_percent.s                 0x00000000   Number         0  _printf_percent_end.o ABSOLUTE
    ../clib/scanf.c                          0x00000000   Number         0  atoi.o ABSOLUTE
    ../clib/scanf.c                          0x00000000   Number         0  strtol.o ABSOLUTE
    ../clib/scanf.c                          0x00000000   Number         0  _strtoul.o ABSOLUTE
    ../clib/scanf.c                          0x00000000   Number         0  _chval.o ABSOLUTE
    ../clib/signal.c                         0x00000000   Number         0  defsig_fpe_outer.o ABSOLUTE
    ../clib/signal.c                         0x00000000   Number         0  defsig_fpe_formal.o ABSOLUTE
    ../clib/signal.c                         0x00000000   Number         0  defsig_exit.o ABSOLUTE
    ../clib/signal.c                         0x00000000   Number         0  defsig_fpe_inner.o ABSOLUTE
    ../clib/signal.c                         0x00000000   Number         0  __raise.o ABSOLUTE
    ../clib/signal.c                         0x00000000   Number         0  defsig_general.o ABSOLUTE
    ../clib/signal.c                         0x00000000   Number         0  defsig_rtmem_outer.o ABSOLUTE
    ../clib/signal.c                         0x00000000   Number         0  defsig_rtmem_formal.o ABSOLUTE
    ../clib/signal.c                         0x00000000   Number         0  defsig_abrt_inner.o ABSOLUTE
    ../clib/signal.c                         0x00000000   Number         0  defsig_rtred_inner.o ABSOLUTE
    ../clib/signal.c                         0x00000000   Number         0  defsig_rtmem_inner.o ABSOLUTE
    ../clib/signal.c                         0x00000000   Number         0  defsig_stak_inner.o ABSOLUTE
    ../clib/signal.c                         0x00000000   Number         0  defsig_pvfn_inner.o ABSOLUTE
    ../clib/signal.c                         0x00000000   Number         0  defsig_cppl_inner.o ABSOLUTE
    ../clib/signal.c                         0x00000000   Number         0  defsig_segv_inner.o ABSOLUTE
    ../clib/signal.c                         0x00000000   Number         0  defsig_other.o ABSOLUTE
    ../clib/signal.s                         0x00000000   Number         0  defsig.o ABSOLUTE
    ../clib/stdlib.c                         0x00000000   Number         0  exit.o ABSOLUTE
    ../clib/string.c                         0x00000000   Number         0  strtok.o ABSOLUTE
    ../clib/string.c                         0x00000000   Number         0  strtok_int.o ABSOLUTE
    ../clib/string.c                         0x00000000   Number         0  strcspn.o ABSOLUTE
    ../clib/string.c                         0x00000000   Number         0  strspn.o ABSOLUTE
    ../fplib/cfplib/d2f.c                    0x00000000   Number         0  d2f.o ABSOLUTE
    ../fplib/cfplib/ddiv.c                   0x00000000   Number         0  ddiv.o ABSOLUTE
    ../fplib/cfplib/dmul.c                   0x00000000   Number         0  dmul.o ABSOLUTE
    ../fplib/cfplib/f2d.c                    0x00000000   Number         0  f2d.o ABSOLUTE
    ../fplib/cfplib/fdiv.c                   0x00000000   Number         0  fdiv.o ABSOLUTE
    ../fplib/cfplib/ffix.c                   0x00000000   Number         0  ffixi.o ABSOLUTE
    ../fplib/cfplib/ffix.c                   0x00000000   Number         0  ffixui.o ABSOLUTE
    ../fplib/cfplib/fflt.c                   0x00000000   Number         0  dflti.o ABSOLUTE
    ../fplib/cfplib/fflt.c                   0x00000000   Number         0  fflti.o ABSOLUTE
    ../fplib/cfplib/fpinit.c                 0x00000000   Number         0  fpinit.o ABSOLUTE
    ../fplib/cfplib/ieee_status.c            0x00000000   Number         0  ieee_status.o ABSOLUTE
    ../fplib/faddsub6m.s                     0x00000000   Number         0  faddsub.o ABSOLUTE
    ../fplib/fmul6m.s                        0x00000000   Number         0  fmul.o ABSOLUTE
    ../fplib/printf1.s                       0x00000000   Number         0  printf1.o ABSOLUTE
    ../fplib/usenofp.s                       0x00000000   Number         0  usenofp.o ABSOLUTE
    ../mathlib/fpclassify.c                  0x00000000   Number         0  fpclassify.o ABSOLUTE
    ADC_Holl.c                               0x00000000   Number         0  adc_holl.o ABSOLUTE
    RTE/Device/STM32F072RBTx/startup_stm32f072xb.s 0x00000000   Number         0  startup_stm32f072xb.o ABSOLUTE
    dc.s                                     0x00000000   Number         0  dc.o ABSOLUTE
    main.c                                   0x00000000   Number         0  main.o ABSOLUTE
    pwm_init.c                               0x00000000   Number         0  pwm_init.o ABSOLUTE
    system_stm32f0xx.c                       0x00000000   Number         0  system_stm32f0xx.o ABSOLUTE
    uart_init.c                              0x00000000   Number         0  uart_init.o ABSOLUTE
    RESET                                    0x08000000   Section      192  startup_stm32f072xb.o(RESET)
    !!!main                                  0x080000c0   Section        8  __main.o(!!!main)
    !!!scatter                               0x080000c8   Section       60  __scatter.o(!!!scatter)
    !!handler_copy                           0x08000104   Section       26  __scatter_copy.o(!!handler_copy)
    !!handler_zi                             0x08000120   Section       28  __scatter_zi.o(!!handler_zi)
    .ARM.Collect$$_printf_percent$$00000000  0x0800013c   Section        2  _printf_percent.o(.ARM.Collect$$_printf_percent$$00000000)
    .ARM.Collect$$_printf_percent$$00000003  0x0800013e   Section       10  _printf_f.o(.ARM.Collect$$_printf_percent$$00000003)
    .ARM.Collect$$_printf_percent$$00000017  0x08000148   Section        4  _printf_percent_end.o(.ARM.Collect$$_printf_percent$$00000017)
    .ARM.Collect$$libinit$$00000000          0x0800014c   Section        2  libinit.o(.ARM.Collect$$libinit$$00000000)
    .ARM.Collect$$libinit$$00000002          0x0800014e   Section        0  libinit2.o(.ARM.Collect$$libinit$$00000002)
    .ARM.Collect$$libinit$$00000004          0x0800014e   Section        0  libinit2.o(.ARM.Collect$$libinit$$00000004)
    .ARM.Collect$$libinit$$0000000A          0x0800014e   Section        0  libinit2.o(.ARM.Collect$$libinit$$0000000A)
    .ARM.Collect$$libinit$$0000000C          0x0800014e   Section        0  libinit2.o(.ARM.Collect$$libinit$$0000000C)
    .ARM.Collect$$libinit$$0000000E          0x0800014e   Section        0  libinit2.o(.ARM.Collect$$libinit$$0000000E)
    .ARM.Collect$$libinit$$0000000F          0x0800014e   Section        6  libinit2.o(.ARM.Collect$$libinit$$0000000F)
    .ARM.Collect$$libinit$$00000011          0x08000154   Section        0  libinit2.o(.ARM.Collect$$libinit$$00000011)
    .ARM.Collect$$libinit$$00000012          0x08000154   Section       12  libinit2.o(.ARM.Collect$$libinit$$00000012)
    .ARM.Collect$$libinit$$00000013          0x08000160   Section        0  libinit2.o(.ARM.Collect$$libinit$$00000013)
    .ARM.Collect$$libinit$$00000015          0x08000160   Section        0  libinit2.o(.ARM.Collect$$libinit$$00000015)
    .ARM.Collect$$libinit$$00000016          0x08000160   Section       10  libinit2.o(.ARM.Collect$$libinit$$00000016)
    .ARM.Collect$$libinit$$00000017          0x0800016a   Section        0  libinit2.o(.ARM.Collect$$libinit$$00000017)
    .ARM.Collect$$libinit$$00000019          0x0800016a   Section        0  libinit2.o(.ARM.Collect$$libinit$$00000019)
    .ARM.Collect$$libinit$$0000001B          0x0800016a   Section        0  libinit2.o(.ARM.Collect$$libinit$$0000001B)
    .ARM.Collect$$libinit$$0000001D          0x0800016a   Section        0  libinit2.o(.ARM.Collect$$libinit$$0000001D)
    .ARM.Collect$$libinit$$0000001F          0x0800016a   Section        0  libinit2.o(.ARM.Collect$$libinit$$0000001F)
    .ARM.Collect$$libinit$$00000021          0x0800016a   Section        0  libinit2.o(.ARM.Collect$$libinit$$00000021)
    .ARM.Collect$$libinit$$00000023          0x0800016a   Section        0  libinit2.o(.ARM.Collect$$libinit$$00000023)
    .ARM.Collect$$libinit$$00000025          0x0800016a   Section        0  libinit2.o(.ARM.Collect$$libinit$$00000025)
    .ARM.Collect$$libinit$$0000002C          0x0800016a   Section        0  libinit2.o(.ARM.Collect$$libinit$$0000002C)
    .ARM.Collect$$libinit$$0000002E          0x0800016a   Section        0  libinit2.o(.ARM.Collect$$libinit$$0000002E)
    .ARM.Collect$$libinit$$00000030          0x0800016a   Section        0  libinit2.o(.ARM.Collect$$libinit$$00000030)
    .ARM.Collect$$libinit$$00000032          0x0800016a   Section        0  libinit2.o(.ARM.Collect$$libinit$$00000032)
    .ARM.Collect$$libinit$$00000033          0x0800016a   Section        2  libinit2.o(.ARM.Collect$$libinit$$00000033)
    .ARM.Collect$$libshutdown$$00000000      0x0800016c   Section        2  libshutdown.o(.ARM.Collect$$libshutdown$$00000000)
    .ARM.Collect$$libshutdown$$00000002      0x0800016e   Section        0  libshutdown2.o(.ARM.Collect$$libshutdown$$00000002)
    .ARM.Collect$$libshutdown$$00000004      0x0800016e   Section        0  libshutdown2.o(.ARM.Collect$$libshutdown$$00000004)
    .ARM.Collect$$libshutdown$$00000007      0x0800016e   Section        0  libshutdown2.o(.ARM.Collect$$libshutdown$$00000007)
    .ARM.Collect$$libshutdown$$0000000A      0x0800016e   Section        0  libshutdown2.o(.ARM.Collect$$libshutdown$$0000000A)
    .ARM.Collect$$libshutdown$$0000000C      0x0800016e   Section        0  libshutdown2.o(.ARM.Collect$$libshutdown$$0000000C)
    .ARM.Collect$$libshutdown$$0000000F      0x0800016e   Section        0  libshutdown2.o(.ARM.Collect$$libshutdown$$0000000F)
    .ARM.Collect$$libshutdown$$00000010      0x0800016e   Section        2  libshutdown2.o(.ARM.Collect$$libshutdown$$00000010)
    .ARM.Collect$$rtentry$$00000000          0x08000170   Section        0  __rtentry.o(.ARM.Collect$$rtentry$$00000000)
    .ARM.Collect$$rtentry$$00000002          0x08000170   Section        0  __rtentry2.o(.ARM.Collect$$rtentry$$00000002)
    .ARM.Collect$$rtentry$$00000004          0x08000170   Section        6  __rtentry4.o(.ARM.Collect$$rtentry$$00000004)
    .ARM.Collect$$rtentry$$00000009          0x08000176   Section        0  __rtentry2.o(.ARM.Collect$$rtentry$$00000009)
    .ARM.Collect$$rtentry$$0000000A          0x08000176   Section        4  __rtentry2.o(.ARM.Collect$$rtentry$$0000000A)
    .ARM.Collect$$rtentry$$0000000C          0x0800017a   Section        0  __rtentry2.o(.ARM.Collect$$rtentry$$0000000C)
    .ARM.Collect$$rtentry$$0000000D          0x0800017a   Section        8  __rtentry2.o(.ARM.Collect$$rtentry$$0000000D)
    .ARM.Collect$$rtexit$$00000000           0x08000182   Section        2  rtexit.o(.ARM.Collect$$rtexit$$00000000)
    .ARM.Collect$$rtexit$$00000002           0x08000184   Section        0  rtexit2.o(.ARM.Collect$$rtexit$$00000002)
    .ARM.Collect$$rtexit$$00000003           0x08000184   Section        4  rtexit2.o(.ARM.Collect$$rtexit$$00000003)
    .ARM.Collect$$rtexit$$00000004           0x08000188   Section        6  rtexit2.o(.ARM.Collect$$rtexit$$00000004)
    .text                                    0x08000190   Section       56  startup_stm32f072xb.o(.text)
    .text                                    0x080001c8   Section        0  noretval__2sprintf.o(.text)
    .text                                    0x080001f0   Section        0  __printf_wp.o(.text)
    .text                                    0x080002fe   Section        0  atoi.o(.text)
    .text                                    0x08000318   Section        0  strtok.o(.text)
    .text                                    0x08000328   Section        0  rt_memclr.o(.text)
    .text                                    0x08000368   Section      504  aeabi_sdivfast.o(.text)
    .text                                    0x08000560   Section        0  heapauxi.o(.text)
    .text                                    0x08000568   Section        0  d2f.o(.text)
    .text                                    0x080005e4   Section        0  ddiv.o(.text)
    .text                                    0x08000a2c   Section        0  dflti.o(.text)
    .text                                    0x08000a84   Section        0  dmul.o(.text)
    .text                                    0x08000ccc   Section        0  f2d.o(.text)
    .text                                    0x08000d20   Section        0  fdiv.o(.text)
    .text                                    0x08000e80   Section        0  ffixi.o(.text)
    .text                                    0x08000ecc   Section        0  ffixui.o(.text)
    .text                                    0x08000efc   Section        0  fflti.o(.text)
    .text                                    0x08000f5c   Section        8  rt_errno_addr_intlibspace.o(.text)
    _fp_digits                               0x08000f65   Thumb Code   412  _printf_fp_dec.o(.text)
    .text                                    0x08000f64   Section        0  _printf_fp_dec.o(.text)
    _printf_input_char                       0x08001379   Thumb Code    10  _printf_char_common.o(.text)
    .text                                    0x08001378   Section        0  _printf_char_common.o(.text)
    .text                                    0x080013a8   Section        0  _sputc.o(.text)
    .text                                    0x080013b4   Section        0  strtol.o(.text)
    .text                                    0x08001424   Section        0  strtok_int.o(.text)
    .text                                    0x0800146c   Section        8  libspace.o(.text)
    .text                                    0x08001474   Section       16  rt_ctype_table.o(.text)
    .text                                    0x08001484   Section        8  rt_locale_intlibspace.o(.text)
    .text                                    0x0800148c   Section        0  lludiv10.o(.text)
    .text                                    0x08001508   Section        0  _printf_fp_infnan.o(.text)
    .text                                    0x08001590   Section        0  _strtoul.o(.text)
    .text                                    0x08001638   Section        0  bigflt0.o(.text)
    .text                                    0x08001710   Section        0  btod.o(.text)
    btod_internal_mul                        0x08001751   Thumb Code   492  btod.o(.text)
    btod_internal_div                        0x0800193d   Thumb Code   520  btod.o(.text)
    .text                                    0x08001c90   Section        0  strcspn.o(.text)
    .text                                    0x08001cb2   Section        0  strspn.o(.text)
    .text                                    0x08001cd2   Section        0  rtudiv10.o(.text)
    .text                                    0x08001cfa   Section       62  sys_stackheap_outer.o(.text)
    .text                                    0x08001d38   Section        0  _chval.o(.text)
    .text                                    0x08001d56   Section        0  exit.o(.text)
    .text                                    0x08001d68   Section      176  strcmpv6m.o(.text)
    .text                                    0x08001e18   Section        0  sys_exit.o(.text)
    .text                                    0x08001e24   Section        2  use_no_semi.o(.text)
    .text                                    0x08001e26   Section        0  indicate_semi.o(.text)
    [Anonymous Symbol]                       0x08001e28   Section        0  adc_holl.o(.text.Read_ADC)
    [Anonymous Symbol]                       0x08001e44   Section        0  system_stm32f0xx.o(.text.SystemInit)
    [Anonymous Symbol]                       0x08001e46   Section        0  pwm_init.o(.text.TIM2_CH_2_start)
    [Anonymous Symbol]                       0x08001e70   Section        0  main.o(.text.TIM2_IRQHandler)
    __arm_cp.8_0                             0x08001ee0   Number         4  main.o(.text.TIM2_IRQHandler)
    [Anonymous Symbol]                       0x08001ee4   Section        0  pwm_init.o(.text.TIM2_setup)
    __arm_cp.1_0                             0x08001f84   Number         4  pwm_init.o(.text.TIM2_setup)
    [Anonymous Symbol]                       0x08001f88   Section        0  pwm_init.o(.text.TIM3_setup)
    __arm_cp.4_0                             0x08001fcc   Number         4  pwm_init.o(.text.TIM3_setup)
    __arm_cp.4_1                             0x08001fd0   Number         4  pwm_init.o(.text.TIM3_setup)
    [Anonymous Symbol]                       0x08001fd4   Section        0  main.o(.text.TIM6_DAC_IRQHandler)
    __arm_cp.9_0                             0x08002024   Number         4  main.o(.text.TIM6_DAC_IRQHandler)
    __arm_cp.9_1                             0x08002028   Number         4  main.o(.text.TIM6_DAC_IRQHandler)
    __arm_cp.9_2                             0x0800202c   Number         4  main.o(.text.TIM6_DAC_IRQHandler)
    [Anonymous Symbol]                       0x08002030   Section        0  pwm_init.o(.text.TIM6_setup)
    __arm_cp.5_0                             0x0800204c   Number         4  pwm_init.o(.text.TIM6_setup)
    [Anonymous Symbol]                       0x08002050   Section        0  main.o(.text.TIM7_IRQHandler)
    __arm_cp.10_0                            0x0800206c   Number         4  main.o(.text.TIM7_IRQHandler)
    __arm_cp.10_1                            0x08002070   Number         4  main.o(.text.TIM7_IRQHandler)
    [Anonymous Symbol]                       0x08002074   Section        0  pwm_init.o(.text.TIM7_setup)
    __arm_cp.6_0                             0x0800208c   Number         4  pwm_init.o(.text.TIM7_setup)
    __arm_cp.6_1                             0x08002090   Number         4  pwm_init.o(.text.TIM7_setup)
    [Anonymous Symbol]                       0x08002094   Section        0  uart_init.o(.text.UART_Init)
    __arm_cp.0_1                             0x080020e0   Number         4  uart_init.o(.text.UART_Init)
    [Anonymous Symbol]                       0x080020e4   Section        0  uart_init.o(.text.UART_SendString)
    [Anonymous Symbol]                       0x08002104   Section        0  adc_holl.o(.text.config_DAC)
    __arm_cp.0_0                             0x08002168   Number         4  adc_holl.o(.text.config_DAC)
    __arm_cp.0_1                             0x0800216c   Number         4  adc_holl.o(.text.config_DAC)
    __arm_cp.0_2                             0x08002170   Number         4  adc_holl.o(.text.config_DAC)
    [Anonymous Symbol]                       0x08002174   Section        0  main.o(.text.main)
    __arm_cp.7_0                             0x08002428   Number         4  main.o(.text.main)
    __arm_cp.7_1                             0x0800242c   Number         4  main.o(.text.main)
    __arm_cp.7_2                             0x08002430   Number         4  main.o(.text.main)
    __arm_cp.7_3                             0x08002434   Number         4  main.o(.text.main)
    __arm_cp.7_4                             0x08002438   Number         4  main.o(.text.main)
    __arm_cp.7_5                             0x0800243c   Number         4  main.o(.text.main)
    __arm_cp.7_6                             0x08002440   Number         4  main.o(.text.main)
    __arm_cp.7_7                             0x08002444   Number         4  main.o(.text.main)
    __arm_cp.7_8                             0x08002448   Number         4  main.o(.text.main)
    __arm_cp.7_9                             0x0800244c   Number         4  main.o(.text.main)
    __arm_cp.7_10                            0x08002450   Number         4  main.o(.text.main)
    __arm_cp.7_11                            0x08002454   Number         4  main.o(.text.main)
    __arm_cp.7_12                            0x08002458   Number         4  main.o(.text.main)
    __arm_cp.7_14                            0x08002468   Number         4  main.o(.text.main)
    __arm_cp.7_15                            0x0800246c   Number         4  main.o(.text.main)
    __arm_cp.7_16                            0x08002470   Number         4  main.o(.text.main)
    __arm_cp.7_17                            0x08002474   Number         4  main.o(.text.main)
    __arm_cp.7_18                            0x08002478   Number         4  main.o(.text.main)
    __arm_cp.7_19                            0x0800247c   Number         4  main.o(.text.main)
    __arm_cp.7_20                            0x08002480   Number         4  main.o(.text.main)
    __arm_cp.7_21                            0x08002484   Number         4  main.o(.text.main)
    __arm_cp.7_22                            0x08002488   Number         4  main.o(.text.main)
    [Anonymous Symbol]                       0x0800248c   Section        0  pwm_init.o(.text.ports_for_timers_init)
    __arm_cp.0_0                             0x08002510   Number         4  pwm_init.o(.text.ports_for_timers_init)
    __arm_cp.0_1                             0x08002514   Number         4  pwm_init.o(.text.ports_for_timers_init)
    __arm_cp.0_2                             0x08002518   Number         4  pwm_init.o(.text.ports_for_timers_init)
    __arm_cp.0_3                             0x0800251c   Number         4  pwm_init.o(.text.ports_for_timers_init)
    [Anonymous Symbol]                       0x08002520   Section        0  pwm_init.o(.text.start_count_for_delay)
    __arm_cp.8_0                             0x08002540   Number         4  pwm_init.o(.text.start_count_for_delay)
    [Anonymous Symbol]                       0x08002544   Section        0  pwm_init.o(.text.start_counting_time_mks)
    __arm_cp.7_0                             0x08002564   Number         4  pwm_init.o(.text.start_counting_time_mks)
    i.__ARM_common_ll_muluu                  0x08002568   Section        0  btod.o(i.__ARM_common_ll_muluu)
    i.__ARM_fpclassify                       0x08002598   Section        0  fpclassify.o(i.__ARM_fpclassify)
    i._is_digit                              0x080025c4   Section        0  __printf_wp.o(i._is_digit)
    locale$$code                             0x080025d4   Section       44  lc_numeric_c.o(locale$$code)
    locale$$code                             0x08002600   Section       44  lc_ctype_c.o(locale$$code)
    x$fpl$fadd                               0x0800262c   Section      140  faddsub.o(x$fpl$fadd)
    _fadd1                                   0x08002639   Thumb Code     0  faddsub.o(x$fpl$fadd)
    x$fpl$fmul                               0x080026b8   Section      176  fmul.o(x$fpl$fmul)
    x$fpl$fsub                               0x08002768   Section      208  faddsub.o(x$fpl$fsub)
    _fsub1                                   0x08002775   Thumb Code     0  faddsub.o(x$fpl$fsub)
    x$fpl$printf1                            0x08002838   Section       16  printf1.o(x$fpl$printf1)
    ddiv_reciptbl                            0x08002848   Data         128  ddiv.o(.constdata)
    .constdata                               0x08002848   Section      128  ddiv.o(.constdata)
    x$fpl$usenofp                            0x08002848   Section        0  usenofp.o(x$fpl$usenofp)
    fdiv_tab                                 0x080028c8   Data          64  fdiv.o(.constdata)
    .constdata                               0x080028c8   Section       64  fdiv.o(.constdata)
    tenpwrs_x                                0x08002908   Data          60  bigflt0.o(.constdata)
    .constdata                               0x08002908   Section      148  bigflt0.o(.constdata)
    tenpwrs_i                                0x08002944   Data          64  bigflt0.o(.constdata)
    [Anonymous Symbol]                       0x0800299c   Section        0  main.o(.rodata.str1.1)
    locale$$data                             0x080029c0   Section       28  lc_numeric_c.o(locale$$data)
    __lcnum_c_name                           0x080029c4   Data           2  lc_numeric_c.o(locale$$data)
    __lcnum_c_start                          0x080029cc   Data           0  lc_numeric_c.o(locale$$data)
    __lcnum_c_point                          0x080029d8   Data           0  lc_numeric_c.o(locale$$data)
    __lcnum_c_thousands                      0x080029da   Data           0  lc_numeric_c.o(locale$$data)
    __lcnum_c_grouping                       0x080029db   Data           0  lc_numeric_c.o(locale$$data)
    __lcnum_c_end                            0x080029dc   Data           0  lc_numeric_c.o(locale$$data)
    locale$$data                             0x080029dc   Section      272  lc_ctype_c.o(locale$$data)
    __lcctype_c_name                         0x080029e0   Data           2  lc_ctype_c.o(locale$$data)
    __lcctype_c_start                        0x080029e8   Data           0  lc_ctype_c.o(locale$$data)
    __lcctype_c_end                          0x08002aec   Data           0  lc_ctype_c.o(locale$$data)
    _strtok_saves1                           0x20000000   Data           4  strtok.o(.data)
    .data                                    0x20000000   Section        4  strtok.o(.data)
    [Anonymous Symbol]                       0x20000004   Section        0  main.o(.data..L_MergedGlobals)
    .bss                                     0x20000010   Section       96  libspace.o(.bss)
    [Anonymous Symbol]                       0x20000070   Section        0  main.o(.bss..L_MergedGlobals.2)
    [Anonymous Symbol]                       0x200000e0   Section        0  main.o(.bss..L_MergedGlobals.3)
    Heap_Mem                                 0x20000340   Data         512  startup_stm32f072xb.o(HEAP)
    HEAP                                     0x20000340   Section      512  startup_stm32f072xb.o(HEAP)
    Stack_Mem                                0x20000540   Data        1024  startup_stm32f072xb.o(STACK)
    STACK                                    0x20000540   Section     1024  startup_stm32f072xb.o(STACK)
    __initial_sp                             0x20000940   Data           0  startup_stm32f072xb.o(STACK)

    Global Symbols

    Symbol Name                              Value     Ov Type        Size  Object(Section)

    BuildAttributes$$THM_ISAv3M$S$PE$A:L22$X:L11$S22$IEEE1$IW$~IW$USESV6$~STKCKD$USESV7$~SHL$OTIME$ROPI$IEEEJ$EBA8$UX$STANDARDLIB$REQ8$PRES8$EABIv2 0x00000000   Number         0  anon$$obj.o ABSOLUTE
    _printf_flags                            0x00000000   Number         0  printf_stubs.o ABSOLUTE
    _printf_return_value                     0x00000000   Number         0  printf_stubs.o ABSOLUTE
    _printf_sizespec                         0x00000000   Number         0  printf_stubs.o ABSOLUTE
    _printf_widthprec                        0x00000000   Number         0  printf_stubs.o ABSOLUTE
    __ARM_exceptions_init                     - Undefined Weak Reference
    __alloca_initialize                       - Undefined Weak Reference
    __arm_preinit_                            - Undefined Weak Reference
    __cpp_initialize__aeabi_                  - Undefined Weak Reference
    __cxa_finalize                            - Undefined Weak Reference
    __sigvec_lookup                           - Undefined Weak Reference
    _atexit_init                              - Undefined Weak Reference
    _call_atexit_fns                          - Undefined Weak Reference
    _clock_init                               - Undefined Weak Reference
    _fp_trap_init                             - Undefined Weak Reference
    _fp_trap_shutdown                         - Undefined Weak Reference
    _get_lc_collate                           - Undefined Weak Reference
    _get_lc_monetary                          - Undefined Weak Reference
    _get_lc_time                              - Undefined Weak Reference
    _getenv_init                              - Undefined Weak Reference
    _handle_redirection                       - Undefined Weak Reference
    _init_alloc                               - Undefined Weak Reference
    _init_user_alloc                          - Undefined Weak Reference
    _initio                                   - Undefined Weak Reference
    _printf_post_padding                      - Undefined Weak Reference
    _printf_pre_padding                       - Undefined Weak Reference
    _rand_init                                - Undefined Weak Reference
    _signal_finish                            - Undefined Weak Reference
    _signal_init                              - Undefined Weak Reference
    _terminate_alloc                          - Undefined Weak Reference
    _terminate_user_alloc                     - Undefined Weak Reference
    _terminateio                              - Undefined Weak Reference
    __Vectors_Size                           0x000000c0   Number         0  startup_stm32f072xb.o ABSOLUTE
    __Vectors                                0x08000000   Data           4  startup_stm32f072xb.o(RESET)
    __Vectors_End                            0x080000c0   Data           0  startup_stm32f072xb.o(RESET)
    __main                                   0x080000c1   Thumb Code     8  __main.o(!!!main)
    __scatterload                            0x080000c9   Thumb Code     0  __scatter.o(!!!scatter)
    __scatterload_rt2                        0x080000c9   Thumb Code    52  __scatter.o(!!!scatter)
    __scatterload_rt2_thumb_only             0x080000c9   Thumb Code     0  __scatter.o(!!!scatter)
    __scatterload_null                       0x080000d9   Thumb Code     0  __scatter.o(!!!scatter)
    __scatterload_copy                       0x08000105   Thumb Code    26  __scatter_copy.o(!!handler_copy)
    __scatterload_zeroinit                   0x08000121   Thumb Code    28  __scatter_zi.o(!!handler_zi)
    _printf_percent                          0x0800013d   Thumb Code     0  _printf_percent.o(.ARM.Collect$$_printf_percent$$00000000)
    _printf_f                                0x0800013f   Thumb Code     0  _printf_f.o(.ARM.Collect$$_printf_percent$$00000003)
    _printf_percent_end                      0x08000149   Thumb Code     0  _printf_percent_end.o(.ARM.Collect$$_printf_percent$$00000017)
    __rt_lib_init                            0x0800014d   Thumb Code     0  libinit.o(.ARM.Collect$$libinit$$00000000)
    __rt_lib_init_fp_1                       0x0800014f   Thumb Code     0  libinit2.o(.ARM.Collect$$libinit$$00000002)
    __rt_lib_init_heap_1                     0x0800014f   Thumb Code     0  libinit2.o(.ARM.Collect$$libinit$$0000000A)
    __rt_lib_init_lc_common                  0x0800014f   Thumb Code     0  libinit2.o(.ARM.Collect$$libinit$$0000000F)
    __rt_lib_init_preinit_1                  0x0800014f   Thumb Code     0  libinit2.o(.ARM.Collect$$libinit$$00000004)
    __rt_lib_init_rand_1                     0x0800014f   Thumb Code     0  libinit2.o(.ARM.Collect$$libinit$$0000000E)
    __rt_lib_init_user_alloc_1               0x0800014f   Thumb Code     0  libinit2.o(.ARM.Collect$$libinit$$0000000C)
    __rt_lib_init_lc_collate_1               0x08000155   Thumb Code     0  libinit2.o(.ARM.Collect$$libinit$$00000011)
    __rt_lib_init_lc_ctype_2                 0x08000155   Thumb Code     0  libinit2.o(.ARM.Collect$$libinit$$00000012)
    __rt_lib_init_lc_ctype_1                 0x08000161   Thumb Code     0  libinit2.o(.ARM.Collect$$libinit$$00000013)
    __rt_lib_init_lc_monetary_1              0x08000161   Thumb Code     0  libinit2.o(.ARM.Collect$$libinit$$00000015)
    __rt_lib_init_lc_numeric_2               0x08000161   Thumb Code     0  libinit2.o(.ARM.Collect$$libinit$$00000016)
    __rt_lib_init_alloca_1                   0x0800016b   Thumb Code     0  libinit2.o(.ARM.Collect$$libinit$$0000002E)
    __rt_lib_init_argv_1                     0x0800016b   Thumb Code     0  libinit2.o(.ARM.Collect$$libinit$$0000002C)
    __rt_lib_init_atexit_1                   0x0800016b   Thumb Code     0  libinit2.o(.ARM.Collect$$libinit$$0000001B)
    __rt_lib_init_clock_1                    0x0800016b   Thumb Code     0  libinit2.o(.ARM.Collect$$libinit$$00000021)
    __rt_lib_init_cpp_1                      0x0800016b   Thumb Code     0  libinit2.o(.ARM.Collect$$libinit$$00000032)
    __rt_lib_init_exceptions_1               0x0800016b   Thumb Code     0  libinit2.o(.ARM.Collect$$libinit$$00000030)
    __rt_lib_init_fp_trap_1                  0x0800016b   Thumb Code     0  libinit2.o(.ARM.Collect$$libinit$$0000001F)
    __rt_lib_init_getenv_1                   0x0800016b   Thumb Code     0  libinit2.o(.ARM.Collect$$libinit$$00000023)
    __rt_lib_init_lc_numeric_1               0x0800016b   Thumb Code     0  libinit2.o(.ARM.Collect$$libinit$$00000017)
    __rt_lib_init_lc_time_1                  0x0800016b   Thumb Code     0  libinit2.o(.ARM.Collect$$libinit$$00000019)
    __rt_lib_init_return                     0x0800016b   Thumb Code     0  libinit2.o(.ARM.Collect$$libinit$$00000033)
    __rt_lib_init_signal_1                   0x0800016b   Thumb Code     0  libinit2.o(.ARM.Collect$$libinit$$0000001D)
    __rt_lib_init_stdio_1                    0x0800016b   Thumb Code     0  libinit2.o(.ARM.Collect$$libinit$$00000025)
    __rt_lib_shutdown                        0x0800016d   Thumb Code     0  libshutdown.o(.ARM.Collect$$libshutdown$$00000000)
    __rt_lib_shutdown_cpp_1                  0x0800016f   Thumb Code     0  libshutdown2.o(.ARM.Collect$$libshutdown$$00000002)
    __rt_lib_shutdown_fp_trap_1              0x0800016f   Thumb Code     0  libshutdown2.o(.ARM.Collect$$libshutdown$$00000007)
    __rt_lib_shutdown_heap_1                 0x0800016f   Thumb Code     0  libshutdown2.o(.ARM.Collect$$libshutdown$$0000000F)
    __rt_lib_shutdown_return                 0x0800016f   Thumb Code     0  libshutdown2.o(.ARM.Collect$$libshutdown$$00000010)
    __rt_lib_shutdown_signal_1               0x0800016f   Thumb Code     0  libshutdown2.o(.ARM.Collect$$libshutdown$$0000000A)
    __rt_lib_shutdown_stdio_1                0x0800016f   Thumb Code     0  libshutdown2.o(.ARM.Collect$$libshutdown$$00000004)
    __rt_lib_shutdown_user_alloc_1           0x0800016f   Thumb Code     0  libshutdown2.o(.ARM.Collect$$libshutdown$$0000000C)
    __rt_entry                               0x08000171   Thumb Code     0  __rtentry.o(.ARM.Collect$$rtentry$$00000000)
    __rt_entry_presh_1                       0x08000171   Thumb Code     0  __rtentry2.o(.ARM.Collect$$rtentry$$00000002)
    __rt_entry_sh                            0x08000171   Thumb Code     0  __rtentry4.o(.ARM.Collect$$rtentry$$00000004)
    __rt_entry_li                            0x08000177   Thumb Code     0  __rtentry2.o(.ARM.Collect$$rtentry$$0000000A)
    __rt_entry_postsh_1                      0x08000177   Thumb Code     0  __rtentry2.o(.ARM.Collect$$rtentry$$00000009)
    __rt_entry_main                          0x0800017b   Thumb Code     0  __rtentry2.o(.ARM.Collect$$rtentry$$0000000D)
    __rt_entry_postli_1                      0x0800017b   Thumb Code     0  __rtentry2.o(.ARM.Collect$$rtentry$$0000000C)
    __rt_exit                                0x08000183   Thumb Code     0  rtexit.o(.ARM.Collect$$rtexit$$00000000)
    __rt_exit_ls                             0x08000185   Thumb Code     0  rtexit2.o(.ARM.Collect$$rtexit$$00000003)
    __rt_exit_prels_1                        0x08000185   Thumb Code     0  rtexit2.o(.ARM.Collect$$rtexit$$00000002)
    __rt_exit_exit                           0x08000189   Thumb Code     0  rtexit2.o(.ARM.Collect$$rtexit$$00000004)
    Reset_Handler                            0x08000191   Thumb Code     8  startup_stm32f072xb.o(.text)
    NMI_Handler                              0x08000199   Thumb Code     2  startup_stm32f072xb.o(.text)
    HardFault_Handler                        0x0800019b   Thumb Code     2  startup_stm32f072xb.o(.text)
    SVC_Handler                              0x0800019d   Thumb Code     2  startup_stm32f072xb.o(.text)
    PendSV_Handler                           0x0800019f   Thumb Code     2  startup_stm32f072xb.o(.text)
    SysTick_Handler                          0x080001a1   Thumb Code     2  startup_stm32f072xb.o(.text)
    ADC1_COMP_IRQHandler                     0x080001a3   Thumb Code     0  startup_stm32f072xb.o(.text)
    CEC_CAN_IRQHandler                       0x080001a3   Thumb Code     0  startup_stm32f072xb.o(.text)
    DMA1_Channel1_IRQHandler                 0x080001a3   Thumb Code     0  startup_stm32f072xb.o(.text)
    DMA1_Channel2_3_IRQHandler               0x080001a3   Thumb Code     0  startup_stm32f072xb.o(.text)
    DMA1_Channel4_5_6_7_IRQHandler           0x080001a3   Thumb Code     0  startup_stm32f072xb.o(.text)
    EXTI0_1_IRQHandler                       0x080001a3   Thumb Code     0  startup_stm32f072xb.o(.text)
    EXTI2_3_IRQHandler                       0x080001a3   Thumb Code     0  startup_stm32f072xb.o(.text)
    EXTI4_15_IRQHandler                      0x080001a3   Thumb Code     0  startup_stm32f072xb.o(.text)
    FLASH_IRQHandler                         0x080001a3   Thumb Code     0  startup_stm32f072xb.o(.text)
    I2C1_IRQHandler                          0x080001a3   Thumb Code     0  startup_stm32f072xb.o(.text)
    I2C2_IRQHandler                          0x080001a3   Thumb Code     0  startup_stm32f072xb.o(.text)
    PVD_VDDIO2_IRQHandler                    0x080001a3   Thumb Code     0  startup_stm32f072xb.o(.text)
    RCC_CRS_IRQHandler                       0x080001a3   Thumb Code     0  startup_stm32f072xb.o(.text)
    RTC_IRQHandler                           0x080001a3   Thumb Code     0  startup_stm32f072xb.o(.text)
    SPI1_IRQHandler                          0x080001a3   Thumb Code     0  startup_stm32f072xb.o(.text)
    SPI2_IRQHandler                          0x080001a3   Thumb Code     0  startup_stm32f072xb.o(.text)
    TIM14_IRQHandler                         0x080001a3   Thumb Code     0  startup_stm32f072xb.o(.text)
    TIM15_IRQHandler                         0x080001a3   Thumb Code     0  startup_stm32f072xb.o(.text)
    TIM16_IRQHandler                         0x080001a3   Thumb Code     0  startup_stm32f072xb.o(.text)
    TIM17_IRQHandler                         0x080001a3   Thumb Code     0  startup_stm32f072xb.o(.text)
    TIM1_BRK_UP_TRG_COM_IRQHandler           0x080001a3   Thumb Code     0  startup_stm32f072xb.o(.text)
    TIM1_CC_IRQHandler                       0x080001a3   Thumb Code     0  startup_stm32f072xb.o(.text)
    TIM3_IRQHandler                          0x080001a3   Thumb Code     0  startup_stm32f072xb.o(.text)
    TSC_IRQHandler                           0x080001a3   Thumb Code     0  startup_stm32f072xb.o(.text)
    USART1_IRQHandler                        0x080001a3   Thumb Code     0  startup_stm32f072xb.o(.text)
    USART2_IRQHandler                        0x080001a3   Thumb Code     0  startup_stm32f072xb.o(.text)
    USART3_4_IRQHandler                      0x080001a3   Thumb Code     0  startup_stm32f072xb.o(.text)
    USB_IRQHandler                           0x080001a3   Thumb Code     0  startup_stm32f072xb.o(.text)
    WWDG_IRQHandler                          0x080001a3   Thumb Code     0  startup_stm32f072xb.o(.text)
    __user_initial_stackheap                 0x080001a5   Thumb Code     0  startup_stm32f072xb.o(.text)
    __2sprintf                               0x080001c9   Thumb Code    36  noretval__2sprintf.o(.text)
    __printf                                 0x080001f1   Thumb Code   270  __printf_wp.o(.text)
    atoi                                     0x080002ff   Thumb Code    26  atoi.o(.text)
    strtok                                   0x08000319   Thumb Code    10  strtok.o(.text)
    _memset_w                                0x08000329   Thumb Code    26  rt_memclr.o(.text)
    _memset                                  0x08000343   Thumb Code    30  rt_memclr.o(.text)
    __aeabi_memclr                           0x08000361   Thumb Code     4  rt_memclr.o(.text)
    __rt_memclr                              0x08000361   Thumb Code     0  rt_memclr.o(.text)
    __aeabi_memclr4                          0x08000365   Thumb Code     0  rt_memclr.o(.text)
    __aeabi_memclr8                          0x08000365   Thumb Code     0  rt_memclr.o(.text)
    __rt_memclr_w                            0x08000365   Thumb Code     4  rt_memclr.o(.text)
    __aeabi_uidivmod                         0x08000369   Thumb Code    28  aeabi_sdivfast.o(.text)
    __aeabi_idivmod                          0x08000385   Thumb Code   472  aeabi_sdivfast.o(.text)
    __use_two_region_memory                  0x08000561   Thumb Code     2  heapauxi.o(.text)
    __rt_heap_escrow$2region                 0x08000563   Thumb Code     2  heapauxi.o(.text)
    __rt_heap_expand$2region                 0x08000565   Thumb Code     2  heapauxi.o(.text)
    __aeabi_d2f                              0x08000569   Thumb Code     0  d2f.o(.text)
    _d2f                                     0x08000569   Thumb Code   120  d2f.o(.text)
    __aeabi_ddiv                             0x080005e5   Thumb Code     0  ddiv.o(.text)
    _ddiv                                    0x080005e5   Thumb Code  1072  ddiv.o(.text)
    _drdiv                                   0x08000a15   Thumb Code    20  ddiv.o(.text)
    __aeabi_i2d_normalise                    0x08000a2d   Thumb Code    66  dflti.o(.text)
    __aeabi_i2d                              0x08000a6f   Thumb Code    16  dflti.o(.text)
    _dflt                                    0x08000a6f   Thumb Code     0  dflti.o(.text)
    __aeabi_ui2d                             0x08000a7f   Thumb Code     6  dflti.o(.text)
    _dfltu                                   0x08000a7f   Thumb Code     0  dflti.o(.text)
    __aeabi_dmul                             0x08000a85   Thumb Code     0  dmul.o(.text)
    _dmul                                    0x08000a85   Thumb Code   558  dmul.o(.text)
    __aeabi_f2d                              0x08000ccd   Thumb Code     0  f2d.o(.text)
    _f2d                                     0x08000ccd   Thumb Code    80  f2d.o(.text)
    __aeabi_fdiv                             0x08000d21   Thumb Code     0  fdiv.o(.text)
    _fdiv                                    0x08000d21   Thumb Code   334  fdiv.o(.text)
    _frdiv                                   0x08000e6f   Thumb Code     8  fdiv.o(.text)
    __aeabi_f2iz                             0x08000e81   Thumb Code     0  ffixi.o(.text)
    _ffix                                    0x08000e81   Thumb Code    76  ffixi.o(.text)
    __aeabi_f2uiz                            0x08000ecd   Thumb Code     0  ffixui.o(.text)
    _ffixu                                   0x08000ecd   Thumb Code    48  ffixui.o(.text)
    __aeabi_i2f_normalise                    0x08000efd   Thumb Code    72  fflti.o(.text)
    __aeabi_i2f                              0x08000f45   Thumb Code    16  fflti.o(.text)
    _fflt                                    0x08000f45   Thumb Code     0  fflti.o(.text)
    __aeabi_ui2f                             0x08000f55   Thumb Code     6  fflti.o(.text)
    _ffltu                                   0x08000f55   Thumb Code     0  fflti.o(.text)
    __aeabi_errno_addr                       0x08000f5d   Thumb Code     8  rt_errno_addr_intlibspace.o(.text)
    __errno$intlibspace                      0x08000f5d   Thumb Code     0  rt_errno_addr_intlibspace.o(.text)
    __rt_errno_addr$intlibspace              0x08000f5d   Thumb Code     0  rt_errno_addr_intlibspace.o(.text)
    _printf_fp_dec_real                      0x08001101   Thumb Code   620  _printf_fp_dec.o(.text)
    _printf_char_common                      0x08001383   Thumb Code    32  _printf_char_common.o(.text)
    _sputc                                   0x080013a9   Thumb Code    10  _sputc.o(.text)
    strtol                                   0x080013b5   Thumb Code   108  strtol.o(.text)
    __strtok_internal                        0x08001425   Thumb Code    66  strtok_int.o(.text)
    __user_libspace                          0x0800146d   Thumb Code     8  libspace.o(.text)
    __user_perproc_libspace                  0x0800146d   Thumb Code     0  libspace.o(.text)
    __user_perthread_libspace                0x0800146d   Thumb Code     0  libspace.o(.text)
    __rt_ctype_table                         0x08001475   Thumb Code    16  rt_ctype_table.o(.text)
    __rt_locale                              0x08001485   Thumb Code     8  rt_locale_intlibspace.o(.text)
    _ll_udiv10                               0x0800148d   Thumb Code   122  lludiv10.o(.text)
    _printf_fp_infnan                        0x08001509   Thumb Code   120  _printf_fp_infnan.o(.text)
    _strtoul                                 0x08001591   Thumb Code   166  _strtoul.o(.text)
    _btod_etento                             0x08001639   Thumb Code   210  bigflt0.o(.text)
    _btod_d2e                                0x08001711   Thumb Code    64  btod.o(.text)
    _btod_emul                               0x08001b45   Thumb Code    28  btod.o(.text)
    _btod_emuld                              0x08001b61   Thumb Code   144  btod.o(.text)
    _btod_ediv                               0x08001bf1   Thumb Code    26  btod.o(.text)
    _btod_edivd                              0x08001c0b   Thumb Code   124  btod.o(.text)
    strcspn                                  0x08001c91   Thumb Code    34  strcspn.o(.text)
    strspn                                   0x08001cb3   Thumb Code    32  strspn.o(.text)
    __rt_udiv10                              0x08001cd3   Thumb Code    40  rtudiv10.o(.text)
    __user_setup_stackheap                   0x08001cfb   Thumb Code    62  sys_stackheap_outer.o(.text)
    _chval                                   0x08001d39   Thumb Code    30  _chval.o(.text)
    exit                                     0x08001d57   Thumb Code    16  exit.o(.text)
    strcmp                                   0x08001d69   Thumb Code   176  strcmpv6m.o(.text)
    _sys_exit                                0x08001e19   Thumb Code     8  sys_exit.o(.text)
    __I$use$semihosting                      0x08001e25   Thumb Code     0  use_no_semi.o(.text)
    __use_no_semihosting_swi                 0x08001e25   Thumb Code     2  use_no_semi.o(.text)
    __semihosting_library_function           0x08001e27   Thumb Code     0  indicate_semi.o(.text)
    Read_ADC                                 0x08001e29   Thumb Code    28  adc_holl.o(.text.Read_ADC)
    SystemInit                               0x08001e45   Thumb Code     2  system_stm32f0xx.o(.text.SystemInit)
    TIM2_CH_2_start                          0x08001e47   Thumb Code    40  pwm_init.o(.text.TIM2_CH_2_start)
    TIM2_IRQHandler                          0x08001e71   Thumb Code   112  main.o(.text.TIM2_IRQHandler)
    TIM2_setup                               0x08001ee5   Thumb Code   160  pwm_init.o(.text.TIM2_setup)
    TIM3_setup                               0x08001f89   Thumb Code    68  pwm_init.o(.text.TIM3_setup)
    TIM6_DAC_IRQHandler                      0x08001fd5   Thumb Code    80  main.o(.text.TIM6_DAC_IRQHandler)
    TIM6_setup                               0x08002031   Thumb Code    28  pwm_init.o(.text.TIM6_setup)
    TIM7_IRQHandler                          0x08002051   Thumb Code    28  main.o(.text.TIM7_IRQHandler)
    TIM7_setup                               0x08002075   Thumb Code    24  pwm_init.o(.text.TIM7_setup)
    UART_Init                                0x08002095   Thumb Code    76  uart_init.o(.text.UART_Init)
    UART_SendString                          0x080020e5   Thumb Code    32  uart_init.o(.text.UART_SendString)
    config_DAC                               0x08002105   Thumb Code   100  adc_holl.o(.text.config_DAC)
    main                                     0x08002175   Thumb Code   692  main.o(.text.main)
    ports_for_timers_init                    0x0800248d   Thumb Code   132  pwm_init.o(.text.ports_for_timers_init)
    start_count_for_delay                    0x08002521   Thumb Code    32  pwm_init.o(.text.start_count_for_delay)
    start_counting_time_mks                  0x08002545   Thumb Code    32  pwm_init.o(.text.start_counting_time_mks)
    __ARM_common_ll_muluu                    0x08002569   Thumb Code    48  btod.o(i.__ARM_common_ll_muluu)
    __ARM_fpclassify                         0x08002599   Thumb Code    40  fpclassify.o(i.__ARM_fpclassify)
    _is_digit                                0x080025c5   Thumb Code    14  __printf_wp.o(i._is_digit)
    _get_lc_numeric                          0x080025d5   Thumb Code    44  lc_numeric_c.o(locale$$code)
    _get_lc_ctype                            0x08002601   Thumb Code    44  lc_ctype_c.o(locale$$code)
    __aeabi_fadd                             0x0800262d   Thumb Code     0  faddsub.o(x$fpl$fadd)
    _fadd                                    0x0800262d   Thumb Code   134  faddsub.o(x$fpl$fadd)
    __aeabi_fmul                             0x080026b9   Thumb Code     0  fmul.o(x$fpl$fmul)
    _fmul                                    0x080026b9   Thumb Code   172  fmul.o(x$fpl$fmul)
    __aeabi_fsub                             0x08002769   Thumb Code     0  faddsub.o(x$fpl$fsub)
    _fsub                                    0x08002769   Thumb Code   204  faddsub.o(x$fpl$fsub)
    _printf_fp_dec                           0x08002839   Thumb Code    16  printf1.o(x$fpl$printf1)
    __I$use$fp                               0x08002848   Number         0  usenofp.o(x$fpl$usenofp)
    Region$$Table$$Base                      0x080029a0   Number         0  anon$$obj.o(Region$$Table)
    Region$$Table$$Limit                     0x080029c0   Number         0  anon$$obj.o(Region$$Table)
    __ctype                                  0x080029e9   Data           0  lc_ctype_c.o(locale$$data)
    T                                        0x20000004   Data           4  main.o(.data..L_MergedGlobals)
    Piece                                    0x20000008   Data           4  main.o(.data..L_MergedGlobals)
    __libspace_start                         0x20000010   Data          96  libspace.o(.bss)
    __temporary_stack_top$libspace           0x20000070   Data           0  libspace.o(.bss)
    buffer_index                             0x20000070   Data           1  main.o(.bss..L_MergedGlobals.2)
    pole_V                                   0x20000072   Data           2  main.o(.bss..L_MergedGlobals.2)
    count                                    0x20000074   Data           4  main.o(.bss..L_MergedGlobals.2)
    TimeR                                    0x20000078   Data           4  main.o(.bss..L_MergedGlobals.2)
    settings                                 0x2000007c   Data           4  main.o(.bss..L_MergedGlobals.2)
    in_work                                  0x20000080   Data           4  main.o(.bss..L_MergedGlobals.2)
    flag_for_plus_odnopolyarnii              0x20000084   Data           4  main.o(.bss..L_MergedGlobals.2)
    dlit_PWM                                 0x20000088   Data           4  main.o(.bss..L_MergedGlobals.2)
    next_impulse                             0x2000008c   Data           4  main.o(.bss..L_MergedGlobals.2)
    global_time_zap                          0x20000090   Data           4  main.o(.bss..L_MergedGlobals.2)
    flag_for_minus_odnopolyarnii             0x20000094   Data           4  main.o(.bss..L_MergedGlobals.2)
    flag_for_dvupolyarnii_plus               0x20000098   Data           4  main.o(.bss..L_MergedGlobals.2)
    pole                                     0x2000009c   Data           4  main.o(.bss..L_MergedGlobals.2)
    temp                                     0x200000a0   Data           4  main.o(.bss..L_MergedGlobals.2)
    temp_v                                   0x200000a4   Data           4  main.o(.bss..L_MergedGlobals.2)
    I                                        0x200000a8   Data           4  main.o(.bss..L_MergedGlobals.2)
    LU                                       0x200000ac   Data           4  main.o(.bss..L_MergedGlobals.2)
    TimeZap                                  0x200000b0   Data           4  main.o(.bss..L_MergedGlobals.2)
    TI                                       0x200000b4   Data           4  main.o(.bss..L_MergedGlobals.2)
    tau                                      0x200000b8   Data           4  main.o(.bss..L_MergedGlobals.2)
    D                                        0x200000bc   Data           4  main.o(.bss..L_MergedGlobals.2)
    mode_signal                              0x200000c0   Data           4  main.o(.bss..L_MergedGlobals.2)
    flag                                     0x200000c4   Data           4  main.o(.bss..L_MergedGlobals.2)
    flag_for_dvupolyarnii_minus              0x200000c8   Data           4  main.o(.bss..L_MergedGlobals.2)
    TimetoNext                               0x200000d0   Data           8  main.o(.bss..L_MergedGlobals.2)
    ActiveTime                               0x200000d8   Data           8  main.o(.bss..L_MergedGlobals.2)
    buffer_for_split                         0x200000e0   Data          16  main.o(.bss..L_MergedGlobals.3)
    tx_buf                                   0x200000f0   Data          64  main.o(.bss..L_MergedGlobals.3)
    buffer                                   0x20000130   Data         128  main.o(.bss.buffer)
    buffer_of_ints                           0x200001b0   Data         400  main.o(.bss.buffer_of_ints)



==============================================================================

Memory Map of the image

  Image Entry point : 0x08000191

  Load Region LR_1 (Base: 0x08000000, Size: 0x00002af8, Max: 0xffffffff, ABSOLUTE)

    Execution Region ER_RO (Exec base: 0x08000000, Load base: 0x08000000, Size: 0x00002aec, Max: 0xffffffff, ABSOLUTE)

    Exec Addr    Load Addr    Size         Type   Attr      Idx    E Section Name        Object

    0x08000000   0x08000000   0x000000c0   Data   RO          101    RESET               startup_stm32f072xb.o
    0x080000c0   0x080000c0   0x00000008   Code   RO          170  * !!!main             c_p.l(__main.o)
    0x080000c8   0x080000c8   0x0000003c   Code   RO          442    !!!scatter          c_p.l(__scatter.o)
    0x08000104   0x08000104   0x0000001a   Code   RO          444    !!handler_copy      c_p.l(__scatter_copy.o)
    0x0800011e   0x0800011e   0x00000002   PAD
    0x08000120   0x08000120   0x0000001c   Code   RO          446    !!handler_zi        c_p.l(__scatter_zi.o)
    0x0800013c   0x0800013c   0x00000002   Code   RO          152    .ARM.Collect$$_printf_percent$$00000000  c_p.l(_printf_percent.o)
    0x0800013e   0x0800013e   0x0000000a   Code   RO          151    .ARM.Collect$$_printf_percent$$00000003  c_p.l(_printf_f.o)
    0x08000148   0x08000148   0x00000004   Code   RO          220    .ARM.Collect$$_printf_percent$$00000017  c_p.l(_printf_percent_end.o)
    0x0800014c   0x0800014c   0x00000002   Code   RO          306    .ARM.Collect$$libinit$$00000000  c_p.l(libinit.o)
    0x0800014e   0x0800014e   0x00000000   Code   RO          308    .ARM.Collect$$libinit$$00000002  c_p.l(libinit2.o)
    0x0800014e   0x0800014e   0x00000000   Code   RO          310    .ARM.Collect$$libinit$$00000004  c_p.l(libinit2.o)
    0x0800014e   0x0800014e   0x00000000   Code   RO          313    .ARM.Collect$$libinit$$0000000A  c_p.l(libinit2.o)
    0x0800014e   0x0800014e   0x00000000   Code   RO          315    .ARM.Collect$$libinit$$0000000C  c_p.l(libinit2.o)
    0x0800014e   0x0800014e   0x00000000   Code   RO          317    .ARM.Collect$$libinit$$0000000E  c_p.l(libinit2.o)
    0x0800014e   0x0800014e   0x00000006   Code   RO          318    .ARM.Collect$$libinit$$0000000F  c_p.l(libinit2.o)
    0x08000154   0x08000154   0x00000000   Code   RO          320    .ARM.Collect$$libinit$$00000011  c_p.l(libinit2.o)
    0x08000154   0x08000154   0x0000000c   Code   RO          321    .ARM.Collect$$libinit$$00000012  c_p.l(libinit2.o)
    0x08000160   0x08000160   0x00000000   Code   RO          322    .ARM.Collect$$libinit$$00000013  c_p.l(libinit2.o)
    0x08000160   0x08000160   0x00000000   Code   RO          324    .ARM.Collect$$libinit$$00000015  c_p.l(libinit2.o)
    0x08000160   0x08000160   0x0000000a   Code   RO          325    .ARM.Collect$$libinit$$00000016  c_p.l(libinit2.o)
    0x0800016a   0x0800016a   0x00000000   Code   RO          326    .ARM.Collect$$libinit$$00000017  c_p.l(libinit2.o)
    0x0800016a   0x0800016a   0x00000000   Code   RO          328    .ARM.Collect$$libinit$$00000019  c_p.l(libinit2.o)
    0x0800016a   0x0800016a   0x00000000   Code   RO          330    .ARM.Collect$$libinit$$0000001B  c_p.l(libinit2.o)
    0x0800016a   0x0800016a   0x00000000   Code   RO          332    .ARM.Collect$$libinit$$0000001D  c_p.l(libinit2.o)
    0x0800016a   0x0800016a   0x00000000   Code   RO          334    .ARM.Collect$$libinit$$0000001F  c_p.l(libinit2.o)
    0x0800016a   0x0800016a   0x00000000   Code   RO          336    .ARM.Collect$$libinit$$00000021  c_p.l(libinit2.o)
    0x0800016a   0x0800016a   0x00000000   Code   RO          338    .ARM.Collect$$libinit$$00000023  c_p.l(libinit2.o)
    0x0800016a   0x0800016a   0x00000000   Code   RO          340    .ARM.Collect$$libinit$$00000025  c_p.l(libinit2.o)
    0x0800016a   0x0800016a   0x00000000   Code   RO          344    .ARM.Collect$$libinit$$0000002C  c_p.l(libinit2.o)
    0x0800016a   0x0800016a   0x00000000   Code   RO          346    .ARM.Collect$$libinit$$0000002E  c_p.l(libinit2.o)
    0x0800016a   0x0800016a   0x00000000   Code   RO          348    .ARM.Collect$$libinit$$00000030  c_p.l(libinit2.o)
    0x0800016a   0x0800016a   0x00000000   Code   RO          350    .ARM.Collect$$libinit$$00000032  c_p.l(libinit2.o)
    0x0800016a   0x0800016a   0x00000002   Code   RO          351    .ARM.Collect$$libinit$$00000033  c_p.l(libinit2.o)
    0x0800016c   0x0800016c   0x00000002   Code   RO          407    .ARM.Collect$$libshutdown$$00000000  c_p.l(libshutdown.o)
    0x0800016e   0x0800016e   0x00000000   Code   RO          425    .ARM.Collect$$libshutdown$$00000002  c_p.l(libshutdown2.o)
    0x0800016e   0x0800016e   0x00000000   Code   RO          427    .ARM.Collect$$libshutdown$$00000004  c_p.l(libshutdown2.o)
    0x0800016e   0x0800016e   0x00000000   Code   RO          430    .ARM.Collect$$libshutdown$$00000007  c_p.l(libshutdown2.o)
    0x0800016e   0x0800016e   0x00000000   Code   RO          433    .ARM.Collect$$libshutdown$$0000000A  c_p.l(libshutdown2.o)
    0x0800016e   0x0800016e   0x00000000   Code   RO          435    .ARM.Collect$$libshutdown$$0000000C  c_p.l(libshutdown2.o)
    0x0800016e   0x0800016e   0x00000000   Code   RO          438    .ARM.Collect$$libshutdown$$0000000F  c_p.l(libshutdown2.o)
    0x0800016e   0x0800016e   0x00000002   Code   RO          439    .ARM.Collect$$libshutdown$$00000010  c_p.l(libshutdown2.o)
    0x08000170   0x08000170   0x00000000   Code   RO          202    .ARM.Collect$$rtentry$$00000000  c_p.l(__rtentry.o)
    0x08000170   0x08000170   0x00000000   Code   RO          230    .ARM.Collect$$rtentry$$00000002  c_p.l(__rtentry2.o)
    0x08000170   0x08000170   0x00000006   Code   RO          242    .ARM.Collect$$rtentry$$00000004  c_p.l(__rtentry4.o)
    0x08000176   0x08000176   0x00000000   Code   RO          232    .ARM.Collect$$rtentry$$00000009  c_p.l(__rtentry2.o)
    0x08000176   0x08000176   0x00000004   Code   RO          233    .ARM.Collect$$rtentry$$0000000A  c_p.l(__rtentry2.o)
    0x0800017a   0x0800017a   0x00000000   Code   RO          235    .ARM.Collect$$rtentry$$0000000C  c_p.l(__rtentry2.o)
    0x0800017a   0x0800017a   0x00000008   Code   RO          236    .ARM.Collect$$rtentry$$0000000D  c_p.l(__rtentry2.o)
    0x08000182   0x08000182   0x00000002   Code   RO          353    .ARM.Collect$$rtexit$$00000000  c_p.l(rtexit.o)
    0x08000184   0x08000184   0x00000000   Code   RO          372    .ARM.Collect$$rtexit$$00000002  c_p.l(rtexit2.o)
    0x08000184   0x08000184   0x00000004   Code   RO          373    .ARM.Collect$$rtexit$$00000003  c_p.l(rtexit2.o)
    0x08000188   0x08000188   0x00000006   Code   RO          374    .ARM.Collect$$rtexit$$00000004  c_p.l(rtexit2.o)
    0x0800018e   0x0800018e   0x00000002   PAD
    0x08000190   0x08000190   0x00000038   Code   RO          102  * .text               startup_stm32f072xb.o
    0x080001c8   0x080001c8   0x00000028   Code   RO          127    .text               c_p.l(noretval__2sprintf.o)
    0x080001f0   0x080001f0   0x0000010e   Code   RO          139    .text               c_p.l(__printf_wp.o)
    0x080002fe   0x080002fe   0x0000001a   Code   RO          153    .text               c_p.l(atoi.o)
    0x08000318   0x08000318   0x00000010   Code   RO          155    .text               c_p.l(strtok.o)
    0x08000328   0x08000328   0x00000040   Code   RO          158    .text               c_p.l(rt_memclr.o)
    0x08000368   0x08000368   0x000001f8   Code   RO          160    .text               c_p.l(aeabi_sdivfast.o)
    0x08000560   0x08000560   0x00000006   Code   RO          168    .text               c_p.l(heapauxi.o)
    0x08000566   0x08000566   0x00000002   PAD
    0x08000568   0x08000568   0x0000007c   Code   RO          172    .text               fz_ps.l(d2f.o)
    0x080005e4   0x080005e4   0x00000448   Code   RO          174    .text               fz_ps.l(ddiv.o)
    0x08000a2c   0x08000a2c   0x00000058   Code   RO          177    .text               fz_ps.l(dflti.o)
    0x08000a84   0x08000a84   0x00000248   Code   RO          179    .text               fz_ps.l(dmul.o)
    0x08000ccc   0x08000ccc   0x00000054   Code   RO          181    .text               fz_ps.l(f2d.o)
    0x08000d20   0x08000d20   0x00000160   Code   RO          189    .text               fz_ps.l(fdiv.o)
    0x08000e80   0x08000e80   0x0000004c   Code   RO          192    .text               fz_ps.l(ffixi.o)
    0x08000ecc   0x08000ecc   0x00000030   Code   RO          194    .text               fz_ps.l(ffixui.o)
    0x08000efc   0x08000efc   0x0000005e   Code   RO          196    .text               fz_ps.l(fflti.o)
    0x08000f5a   0x08000f5a   0x00000002   PAD
    0x08000f5c   0x08000f5c   0x00000008   Code   RO          210    .text               c_p.l(rt_errno_addr_intlibspace.o)
    0x08000f64   0x08000f64   0x00000414   Code   RO          212    .text               c_p.l(_printf_fp_dec.o)
    0x08001378   0x08001378   0x00000030   Code   RO          216    .text               c_p.l(_printf_char_common.o)
    0x080013a8   0x080013a8   0x0000000a   Code   RO          218    .text               c_p.l(_sputc.o)
    0x080013b2   0x080013b2   0x00000002   PAD
    0x080013b4   0x080013b4   0x00000070   Code   RO          221    .text               c_p.l(strtol.o)
    0x08001424   0x08001424   0x00000048   Code   RO          223    .text               c_p.l(strtok_int.o)
    0x0800146c   0x0800146c   0x00000008   Code   RO          226    .text               c_p.l(libspace.o)
    0x08001474   0x08001474   0x00000010   Code   RO          244    .text               c_p.l(rt_ctype_table.o)
    0x08001484   0x08001484   0x00000008   Code   RO          251    .text               c_p.l(rt_locale_intlibspace.o)
    0x0800148c   0x0800148c   0x0000007a   Code   RO          253    .text               c_p.l(lludiv10.o)
    0x08001506   0x08001506   0x00000002   PAD
    0x08001508   0x08001508   0x00000088   Code   RO          255    .text               c_p.l(_printf_fp_infnan.o)
    0x08001590   0x08001590   0x000000a6   Code   RO          259    .text               c_p.l(_strtoul.o)
    0x08001636   0x08001636   0x00000002   PAD
    0x08001638   0x08001638   0x000000d8   Code   RO          261    .text               c_p.l(bigflt0.o)
    0x08001710   0x08001710   0x00000580   Code   RO          264    .text               c_p.l(btod.o)
    0x08001c90   0x08001c90   0x00000022   Code   RO          273    .text               c_p.l(strcspn.o)
    0x08001cb2   0x08001cb2   0x00000020   Code   RO          275    .text               c_p.l(strspn.o)
    0x08001cd2   0x08001cd2   0x00000028   Code   RO          277    .text               c_p.l(rtudiv10.o)
    0x08001cfa   0x08001cfa   0x0000003e   Code   RO          283    .text               c_p.l(sys_stackheap_outer.o)
    0x08001d38   0x08001d38   0x0000001e   Code   RO          286    .text               c_p.l(_chval.o)
    0x08001d56   0x08001d56   0x00000010   Code   RO          293    .text               c_p.l(exit.o)
    0x08001d66   0x08001d66   0x00000002   PAD
    0x08001d68   0x08001d68   0x000000b0   Code   RO          299    .text               c_p.l(strcmpv6m.o)
    0x08001e18   0x08001e18   0x0000000c   Code   RO          367    .text               c_p.l(sys_exit.o)
    0x08001e24   0x08001e24   0x00000002   Code   RO          394    .text               c_p.l(use_no_semi.o)
    0x08001e26   0x08001e26   0x00000000   Code   RO          396    .text               c_p.l(indicate_semi.o)
    0x08001e26   0x08001e26   0x00000002   PAD
    0x08001e28   0x08001e28   0x0000001c   Code   RO           90    .text.Read_ADC      adc_holl.o
    0x08001e44   0x08001e44   0x00000002   Code   RO          109    .text.SystemInit    system_stm32f0xx.o
    0x08001e46   0x08001e46   0x00000028   Code   RO           66    .text.TIM2_CH_2_start  pwm_init.o
    0x08001e6e   0x08001e6e   0x00000002   PAD
    0x08001e70   0x08001e70   0x00000074   Code   RO           18    .text.TIM2_IRQHandler  main.o
    0x08001ee4   0x08001ee4   0x000000a4   Code   RO           62    .text.TIM2_setup    pwm_init.o
    0x08001f88   0x08001f88   0x0000004c   Code   RO           68    .text.TIM3_setup    pwm_init.o
    0x08001fd4   0x08001fd4   0x0000005c   Code   RO           20    .text.TIM6_DAC_IRQHandler  main.o
    0x08002030   0x08002030   0x00000020   Code   RO           70    .text.TIM6_setup    pwm_init.o
    0x08002050   0x08002050   0x00000024   Code   RO           22    .text.TIM7_IRQHandler  main.o
    0x08002074   0x08002074   0x00000020   Code   RO           72    .text.TIM7_setup    pwm_init.o
    0x08002094   0x08002094   0x00000050   Code   RO           48    .text.UART_Init     uart_init.o
    0x080020e4   0x080020e4   0x00000020   Code   RO           50    .text.UART_SendString  uart_init.o
    0x08002104   0x08002104   0x00000070   Code   RO           88    .text.config_DAC    adc_holl.o
    0x08002174   0x08002174   0x00000318   Code   RO           16    .text.main          main.o
    0x0800248c   0x0800248c   0x00000094   Code   RO           60    .text.ports_for_timers_init  pwm_init.o
    0x08002520   0x08002520   0x00000024   Code   RO           76    .text.start_count_for_delay  pwm_init.o
    0x08002544   0x08002544   0x00000024   Code   RO           74    .text.start_counting_time_mks  pwm_init.o
    0x08002568   0x08002568   0x00000030   Code   RO          266    i.__ARM_common_ll_muluu  c_p.l(btod.o)
    0x08002598   0x08002598   0x0000002c   Code   RO          281    i.__ARM_fpclassify  m_ps.l(fpclassify.o)
    0x080025c4   0x080025c4   0x0000000e   Code   RO          141    i._is_digit         c_p.l(__printf_wp.o)
    0x080025d2   0x080025d2   0x00000002   PAD
    0x080025d4   0x080025d4   0x0000002c   Code   RO          271    locale$$code        c_p.l(lc_numeric_c.o)
    0x08002600   0x08002600   0x0000002c   Code   RO          291    locale$$code        c_p.l(lc_ctype_c.o)
    0x0800262c   0x0800262c   0x0000008c   Code   RO          183    x$fpl$fadd          fz_ps.l(faddsub.o)
    0x080026b8   0x080026b8   0x000000b0   Code   RO          198    x$fpl$fmul          fz_ps.l(fmul.o)
    0x08002768   0x08002768   0x000000d0   Code   RO          185    x$fpl$fsub          fz_ps.l(faddsub.o)
    0x08002838   0x08002838   0x00000010   Code   RO          200    x$fpl$printf1       fz_ps.l(printf1.o)
    0x08002848   0x08002848   0x00000000   Code   RO          225    x$fpl$usenofp       fz_ps.l(usenofp.o)
    0x08002848   0x08002848   0x00000080   Data   RO          175    .constdata          fz_ps.l(ddiv.o)
    0x080028c8   0x080028c8   0x00000040   Data   RO          190    .constdata          fz_ps.l(fdiv.o)
    0x08002908   0x08002908   0x00000094   Data   RO          262    .constdata          c_p.l(bigflt0.o)
    0x0800299c   0x0800299c   0x00000002   Data   RO           30    .rodata.str1.1      main.o
    0x0800299e   0x0800299e   0x00000002   PAD
    0x080029a0   0x080029a0   0x00000020   Data   RO          441    Region$$Table       anon$$obj.o
    0x080029c0   0x080029c0   0x0000001c   Data   RO          270    locale$$data        c_p.l(lc_numeric_c.o)
    0x080029dc   0x080029dc   0x00000110   Data   RO          290    locale$$data        c_p.l(lc_ctype_c.o)


    Execution Region ER_RW (Exec base: 0x20000000, Load base: 0x08002aec, Size: 0x0000000c, Max: 0xffffffff, ABSOLUTE)

    Exec Addr    Load Addr    Size         Type   Attr      Idx    E Section Name        Object

    0x20000000   0x08002aec   0x00000004   Data   RW          156    .data               c_p.l(strtok.o)
    0x20000004   0x08002af0   0x00000008   Data   RW           37    .data..L_MergedGlobals  main.o


    Execution Region ER_ZI (Exec base: 0x20000010, Load base: 0x08002af8, Size: 0x00000930, Max: 0xffffffff, ABSOLUTE)

    Exec Addr    Load Addr    Size         Type   Attr      Idx    E Section Name        Object

    0x20000010        -       0x00000060   Zero   RW          227    .bss                c_p.l(libspace.o)
    0x20000070        -       0x00000070   Zero   RW           38    .bss..L_MergedGlobals.2  main.o
    0x200000e0        -       0x00000050   Zero   RW           39    .bss..L_MergedGlobals.3  main.o
    0x20000130        -       0x00000080   Zero   RW           28    .bss.buffer         main.o
    0x200001b0        -       0x00000190   Zero   RW           29    .bss.buffer_of_ints  main.o
    0x20000340        -       0x00000200   Zero   RW          100    HEAP                startup_stm32f072xb.o
    0x20000540        -       0x00000400   Zero   RW           99    STACK               startup_stm32f072xb.o


==============================================================================

Image component sizes


      Code (inc. data)   RO Data    RW Data    ZI Data      Debug   Object Name

       140         12          0          0          0       1898   adc_holl.o
      1036        124          2          8        720       6545   main.o
       564         48          0          0          0       4302   pwm_init.o
        56         26        192          0       1536        644   startup_stm32f072xb.o
         2          0          0          0          0       1770   system_stm32f0xx.o
       112          4          0          0          0       1789   uart_init.o

    ----------------------------------------------------------------------
      1912        214        228          8       2256      16948   Object Totals
         0          0         32          0          0          0   (incl. Generated)
         2          0          2          0          0          0   (incl. Padding)

    ----------------------------------------------------------------------

      Code (inc. data)   RO Data    RW Data    ZI Data      Debug   Library Member Name

         8          0          0          0          0         68   __main.o
       284          0          0          0          0        136   __printf_wp.o
         0          0          0          0          0          0   __rtentry.o
        12          0          0          0          0          0   __rtentry2.o
         6          0          0          0          0          0   __rtentry4.o
        60          8          0          0          0          0   __scatter.o
        26          0          0          0          0          0   __scatter_copy.o
        28          0          0          0          0          0   __scatter_zi.o
        30          0          0          0          0         60   _chval.o
        48          6          0          0          0         88   _printf_char_common.o
        10          0          0          0          0          0   _printf_f.o
      1044         12          0          0          0        116   _printf_fp_dec.o
       136         16          0          0          0         76   _printf_fp_infnan.o
         2          0          0          0          0          0   _printf_percent.o
         4          0          0          0          0          0   _printf_percent_end.o
        10          0          0          0          0         60   _sputc.o
       166          0          0          0          0         84   _strtoul.o
       504          4          0          0          0         92   aeabi_sdivfast.o
        26          0          0          0          0         72   atoi.o
       216          6        148          0          0         80   bigflt0.o
      1456         30          0          0          0        336   btod.o
        16          0          0          0          0         68   exit.o
         6          0          0          0          0        136   heapauxi.o
         0          0          0          0          0          0   indicate_semi.o
        44         10        272          0          0         76   lc_ctype_c.o
        44         10         28          0          0         76   lc_numeric_c.o
         2          0          0          0          0          0   libinit.o
        30          0          0          0          0          0   libinit2.o
         2          0          0          0          0          0   libshutdown.o
         2          0          0          0          0          0   libshutdown2.o
         8          4          0          0         96         68   libspace.o
       122          0          0          0          0         72   lludiv10.o
        40          4          0          0          0         84   noretval__2sprintf.o
        16          4          0          0          0         76   rt_ctype_table.o
         8          4          0          0          0         68   rt_errno_addr_intlibspace.o
         8          4          0          0          0         68   rt_locale_intlibspace.o
        64          0          0          0          0        108   rt_memclr.o
         2          0          0          0          0          0   rtexit.o
        10          0          0          0          0          0   rtexit2.o
        40          0          0          0          0         60   rtudiv10.o
       176          4          0          0          0         80   strcmpv6m.o
        34          0          0          0          0         72   strcspn.o
        32          0          0          0          0         72   strspn.o
        16          6          0          4          0         68   strtok.o
        72          6          0          0          0         76   strtok_int.o
       112          4          0          0          0         76   strtol.o
        12          4          0          0          0         60   sys_exit.o
        62          0          0          0          0         80   sys_stackheap_outer.o
         2          0          0          0          0         68   use_no_semi.o
       124          4          0          0          0         72   d2f.o
      1096         26        128          0          0        112   ddiv.o
        88          0          0          0          0         92   dflti.o
       584         26          0          0          0         84   dmul.o
        84          4          0          0          0         60   f2d.o
       348          8          0          0          0        160   faddsub.o
       352         10         64          0          0         92   fdiv.o
        76          0          0          0          0         68   ffixi.o
        48          0          0          0          0         60   ffixui.o
        94          0          0          0          0         92   fflti.o
       176          4          0          0          0         80   fmul.o
        16          4          0          0          0         76   printf1.o
         0          0          0          0          0          0   usenofp.o
        44          4          0          0          0         60   fpclassify.o

    ----------------------------------------------------------------------
      8208        236        640          4         96       3988   Library Totals
        20          0          0          0          0          0   (incl. Padding)

    ----------------------------------------------------------------------

      Code (inc. data)   RO Data    RW Data    ZI Data      Debug   Library Name

      5058        146        448          4         96       2880   c_p.l
      3086         86        192          0          0       1048   fz_ps.l
        44          4          0          0          0         60   m_ps.l

    ----------------------------------------------------------------------
      8208        236        640          4         96       3988   Library Totals

    ----------------------------------------------------------------------

==============================================================================


      Code (inc. data)   RO Data    RW Data    ZI Data      Debug   

     10120        450        868         12       2352      18828   Grand Totals
     10120        450        868         12       2352      18828   ELF Image Totals
     10120        450        868         12          0          0   ROM Totals

==============================================================================

    Total RO  Size (Code + RO Data)                10988 (  10.73kB)
    Total RW  Size (RW Data + ZI Data)              2364 (   2.31kB)
    Total ROM Size (Code + RO Data + RW Data)      11000 (  10.74kB)

==============================================================================

