Component: ARM Compiler 6.16 Tool: armlink [5dfeaa00]

==============================================================================

Section Cross References

    main.o(.text.ProcessBuffer) refers to rt_memclr.o(.text) for __aeabi_memclr4
    main.o(.text.ProcessBuffer) refers to strtok.o(.text) for strtok
    main.o(.text.ProcessBuffer) refers to atoi.o(.text) for atoi
    main.o(.text.ProcessBuffer) refers to main.o(.bss.buffer) for buffer
    main.o(.text.ProcessBuffer) refers to main.o(.bss..L_MergedGlobals.1) for [Anonymous Symbol]
    main.o(.text.ProcessBuffer) refers to main.o(.bss.buffer_of_ints) for buffer_of_ints
    main.o(.text.ProcessBuffer) refers to main.o(.rodata.str1.1) for [Anonymous Symbol]
    main.o(.ARM.exidx.text.ProcessBuffer) refers to main.o(.text.ProcessBuffer) for [Anonymous Symbol]
    main.o(.ARM.exidx.text.UART_ReceiveChar) refers to main.o(.text.UART_ReceiveChar) for [Anonymous Symbol]
    main.o(.text.setup) refers to fflti.o(.text) for __aeabi_i2f
    main.o(.text.setup) refers to fmul.o(x$fpl$fmul) for __aeabi_fmul
    main.o(.text.setup) refers to main.o(.bss..L_MergedGlobals.1) for [Anonymous Symbol]
    main.o(.text.setup) refers to main.o(.data..L_MergedGlobals) for [Anonymous Symbol]
    main.o(.ARM.exidx.text.setup) refers to main.o(.text.setup) for [Anonymous Symbol]
    main.o(.ARM.exidx.text.SystemClock_Config) refers to main.o(.text.SystemClock_Config) for [Anonymous Symbol]
    main.o(.text.main) refers to fflti.o(.text) for __aeabi_i2f
    main.o(.text.main) refers to fmul.o(x$fpl$fmul) for __aeabi_fmul
    main.o(.text.main) refers to uart_init.o(.text.UART_Init) for UART_Init
    main.o(.text.main) refers to pwm_init.o(.text.ports_for_timers_init) for ports_for_timers_init
    main.o(.text.main) refers to pwm_init.o(.text.TIM2_setup) for TIM2_setup
    main.o(.text.main) refers to pwm_init.o(.text.TIM3_setup) for TIM3_setup
    main.o(.text.main) refers to pwm_init.o(.text.TIM6_setup) for TIM6_setup
    main.o(.text.main) refers to pwm_init.o(.text.TIM7_setup) for TIM7_setup
    main.o(.text.main) refers to dflti.o(.text) for __aeabi_i2d
    main.o(.text.main) refers to dmul.o(.text) for __aeabi_dmul
    main.o(.text.main) refers to d2f.o(.text) for __aeabi_d2f
    main.o(.text.main) refers to f2d.o(.text) for __aeabi_f2d
    main.o(.text.main) refers to ddiv.o(.text) for __aeabi_ddiv
    main.o(.text.main) refers to fdiv.o(.text) for __aeabi_fdiv
    main.o(.text.main) refers to rt_memclr.o(.text) for __aeabi_memclr4
    main.o(.text.main) refers to strtok.o(.text) for strtok
    main.o(.text.main) refers to atoi.o(.text) for atoi
    main.o(.text.main) refers to main.o(.bss..L_MergedGlobals.1) for [Anonymous Symbol]
    main.o(.text.main) refers to main.o(.data..L_MergedGlobals) for [Anonymous Symbol]
    main.o(.text.main) refers to main.o(.bss.buffer) for buffer
    main.o(.text.main) refers to main.o(.bss.buffer_of_ints) for buffer_of_ints
    main.o(.text.main) refers to main.o(.rodata.str1.1) for [Anonymous Symbol]
    main.o(.ARM.exidx.text.main) refers to main.o(.text.main) for [Anonymous Symbol]
    main.o(.text.TIM2_IRQHandler) refers to pwm_init.o(.text.start_counting_time_mks) for start_counting_time_mks
    main.o(.ARM.exidx.text.TIM2_IRQHandler) refers to main.o(.text.TIM2_IRQHandler) for [Anonymous Symbol]
    main.o(.text.TIM6_DAC_IRQHandler) refers to main.o(.bss..L_MergedGlobals.1) for [Anonymous Symbol]
    main.o(.ARM.exidx.text.TIM6_DAC_IRQHandler) refers to main.o(.text.TIM6_DAC_IRQHandler) for [Anonymous Symbol]
    main.o(.text.TIM7_IRQHandler) refers to main.o(.bss..L_MergedGlobals.1) for [Anonymous Symbol]
    main.o(.text.TIM7_IRQHandler) refers to main.o(.data..L_MergedGlobals) for [Anonymous Symbol]
    main.o(.ARM.exidx.text.TIM7_IRQHandler) refers to main.o(.text.TIM7_IRQHandler) for [Anonymous Symbol]
    uart_init.o(.ARM.exidx.text.UART_Init) refers to uart_init.o(.text.UART_Init) for [Anonymous Symbol]
    pwm_init.o(.ARM.exidx.text.ports_for_timers_init) refers to pwm_init.o(.text.ports_for_timers_init) for [Anonymous Symbol]
    pwm_init.o(.ARM.exidx.text.TIM2_setup) refers to pwm_init.o(.text.TIM2_setup) for [Anonymous Symbol]
    pwm_init.o(.ARM.exidx.text.TIM2_start) refers to pwm_init.o(.text.TIM2_start) for [Anonymous Symbol]
    pwm_init.o(.ARM.exidx.text.TIM3_setup) refers to pwm_init.o(.text.TIM3_setup) for [Anonymous Symbol]
    pwm_init.o(.ARM.exidx.text.TIM6_setup) refers to pwm_init.o(.text.TIM6_setup) for [Anonymous Symbol]
    pwm_init.o(.ARM.exidx.text.TIM7_setup) refers to pwm_init.o(.text.TIM7_setup) for [Anonymous Symbol]
    pwm_init.o(.ARM.exidx.text.start_counting_time_mks) refers to pwm_init.o(.text.start_counting_time_mks) for [Anonymous Symbol]
    startup_stm32f072xb.o(STACK) refers (Special) to heapauxi.o(.text) for __use_two_region_memory
    startup_stm32f072xb.o(HEAP) refers (Special) to heapauxi.o(.text) for __use_two_region_memory
    startup_stm32f072xb.o(RESET) refers (Special) to heapauxi.o(.text) for __use_two_region_memory
    startup_stm32f072xb.o(RESET) refers to startup_stm32f072xb.o(STACK) for __initial_sp
    startup_stm32f072xb.o(RESET) refers to startup_stm32f072xb.o(.text) for Reset_Handler
    startup_stm32f072xb.o(RESET) refers to main.o(.text.TIM2_IRQHandler) for TIM2_IRQHandler
    startup_stm32f072xb.o(RESET) refers to main.o(.text.TIM6_DAC_IRQHandler) for TIM6_DAC_IRQHandler
    startup_stm32f072xb.o(RESET) refers to main.o(.text.TIM7_IRQHandler) for TIM7_IRQHandler
    startup_stm32f072xb.o(.text) refers (Special) to heapauxi.o(.text) for __use_two_region_memory
    startup_stm32f072xb.o(.text) refers to system_stm32f0xx.o(.text.SystemInit) for SystemInit
    startup_stm32f072xb.o(.text) refers to __main.o(!!!main) for __main
    startup_stm32f072xb.o(.text) refers to startup_stm32f072xb.o(HEAP) for Heap_Mem
    startup_stm32f072xb.o(.text) refers to startup_stm32f072xb.o(STACK) for Stack_Mem
    system_stm32f0xx.o(.ARM.exidx.text.SystemInit) refers to system_stm32f0xx.o(.text.SystemInit) for [Anonymous Symbol]
    system_stm32f0xx.o(.text.SystemCoreClockUpdate) refers to aeabi_sdivfast.o(.text_divfast) for __aeabi_uidiv
    system_stm32f0xx.o(.text.SystemCoreClockUpdate) refers to system_stm32f0xx.o(.data.SystemCoreClock) for SystemCoreClock
    system_stm32f0xx.o(.text.SystemCoreClockUpdate) refers to system_stm32f0xx.o(.rodata.AHBPrescTable) for AHBPrescTable
    system_stm32f0xx.o(.ARM.exidx.text.SystemCoreClockUpdate) refers to system_stm32f0xx.o(.text.SystemCoreClockUpdate) for [Anonymous Symbol]
    atoi.o(.text) refers to rt_errno_addr_intlibspace.o(.text) for __aeabi_errno_addr
    atoi.o(.text) refers to strtol.o(.text) for strtol
    strtok.o(.text) refers to strtok_int.o(.text) for __strtok_internal
    strtok.o(.text) refers to strtok.o(.data) for .data
    __main.o(!!!main) refers to __rtentry.o(.ARM.Collect$$rtentry$$00000000) for __rt_entry
    d2f.o(.text) refers (Special) to usenofp.o(x$fpl$usenofp) for __I$use$fp
    ddiv.o(.text) refers (Special) to usenofp.o(x$fpl$usenofp) for __I$use$fp
    ddiv.o(.text) refers to ddiv.o(.constdata) for .constdata
    ddiv.o(.constdata) refers (Special) to usenofp.o(x$fpl$usenofp) for __I$use$fp
    dflti.o(.text) refers (Special) to usenofp.o(x$fpl$usenofp) for __I$use$fp
    dmul.o(.text) refers (Special) to usenofp.o(x$fpl$usenofp) for __I$use$fp
    f2d.o(.text) refers (Special) to usenofp.o(x$fpl$usenofp) for __I$use$fp
    fdiv.o(.text) refers (Special) to usenofp.o(x$fpl$usenofp) for __I$use$fp
    fdiv.o(.text) refers to fdiv.o(.constdata) for .constdata
    fdiv.o(.constdata) refers (Special) to usenofp.o(x$fpl$usenofp) for __I$use$fp
    fflti.o(.text) refers (Special) to usenofp.o(x$fpl$usenofp) for __I$use$fp
    fmul.o(x$fpl$fmul) refers (Special) to usenofp.o(x$fpl$usenofp) for __I$use$fp
    __rtentry.o(.ARM.Collect$$rtentry$$00000000) refers (Special) to __rtentry2.o(.ARM.Collect$$rtentry$$0000000A) for __rt_entry_li
    __rtentry.o(.ARM.Collect$$rtentry$$00000000) refers (Special) to __rtentry2.o(.ARM.Collect$$rtentry$$0000000D) for __rt_entry_main
    __rtentry.o(.ARM.Collect$$rtentry$$00000000) refers (Special) to __rtentry2.o(.ARM.Collect$$rtentry$$0000000C) for __rt_entry_postli_1
    __rtentry.o(.ARM.Collect$$rtentry$$00000000) refers (Special) to __rtentry2.o(.ARM.Collect$$rtentry$$00000009) for __rt_entry_postsh_1
    __rtentry.o(.ARM.Collect$$rtentry$$00000000) refers (Special) to __rtentry2.o(.ARM.Collect$$rtentry$$00000002) for __rt_entry_presh_1
    __rtentry.o(.ARM.Collect$$rtentry$$00000000) refers (Special) to __rtentry4.o(.ARM.Collect$$rtentry$$00000004) for __rt_entry_sh
    aeabi_idiv0_sigfpe.o(.text) refers to rt_div0.o(.text) for __rt_div0
    rt_errno_addr.o(.text) refers to rt_errno_addr.o(.bss) for __aeabi_errno_addr_data
    rt_errno_addr_intlibspace.o(.text) refers to libspace.o(.bss) for __libspace_start
    strtol.o(.text) refers to rt_ctype_table.o(.text) for __rt_ctype_table
    strtol.o(.text) refers to _strtoul.o(.text) for _strtoul
    strtol.o(.text) refers to rt_errno_addr_intlibspace.o(.text) for __aeabi_errno_addr
    strtok_int.o(.text) refers to strspn.o(.text) for strspn
    strtok_int.o(.text) refers to strcspn.o(.text) for strcspn
    libspace.o(.text) refers to libspace.o(.bss) for __libspace_start
    __rtentry2.o(.ARM.Collect$$rtentry$$00000008) refers to boardinit2.o(.text) for _platform_post_stackheap_init
    __rtentry2.o(.ARM.Collect$$rtentry$$0000000A) refers to libinit.o(.ARM.Collect$$libinit$$00000000) for __rt_lib_init
    __rtentry2.o(.ARM.Collect$$rtentry$$0000000B) refers to boardinit3.o(.text) for _platform_post_lib_init
    __rtentry2.o(.ARM.Collect$$rtentry$$0000000D) refers to main.o(.text.main) for main
    __rtentry2.o(.ARM.Collect$$rtentry$$0000000D) refers to exit.o(.text) for exit
    __rtentry2.o(.ARM.exidx) refers to __rtentry2.o(.ARM.Collect$$rtentry$$00000001) for .ARM.Collect$$rtentry$$00000001
    __rtentry2.o(.ARM.exidx) refers to __rtentry2.o(.ARM.Collect$$rtentry$$00000008) for .ARM.Collect$$rtentry$$00000008
    __rtentry2.o(.ARM.exidx) refers to __rtentry2.o(.ARM.Collect$$rtentry$$0000000A) for .ARM.Collect$$rtentry$$0000000A
    __rtentry2.o(.ARM.exidx) refers to __rtentry2.o(.ARM.Collect$$rtentry$$0000000B) for .ARM.Collect$$rtentry$$0000000B
    __rtentry2.o(.ARM.exidx) refers to __rtentry2.o(.ARM.Collect$$rtentry$$0000000D) for .ARM.Collect$$rtentry$$0000000D
    __rtentry4.o(.ARM.Collect$$rtentry$$00000004) refers to sys_stackheap_outer.o(.text) for __user_setup_stackheap
    __rtentry4.o(.ARM.exidx) refers to __rtentry4.o(.ARM.Collect$$rtentry$$00000004) for .ARM.Collect$$rtentry$$00000004
    rt_ctype_table.o(.text) refers to rt_locale_intlibspace.o(.text) for __rt_locale
    rt_ctype_table.o(.text) refers to lc_ctype_c.o(locale$$code) for _get_lc_ctype
    rt_div0.o(.text) refers to defsig_fpe_outer.o(.text) for __rt_SIGFPE
    _strtoul.o(.text) refers to _chval.o(.text) for _chval
    _strtoul.o(.text) refers to rt_errno_addr_intlibspace.o(.text) for __aeabi_errno_addr
    sys_stackheap_outer.o(.text) refers to libspace.o(.text) for __user_perproc_libspace
    sys_stackheap_outer.o(.text) refers to startup_stm32f072xb.o(.text) for __user_initial_stackheap
    sys_stackheap_outer.o(__vectab_stack_and_reset_area) refers to tempstk.o(.text) for __temporary_stack_top
    sys_stackheap_outer.o(__vectab_stack_and_reset_area) refers to __main.o(!!!main) for __main
    rt_locale.o(.text) refers to rt_locale.o(.bss) for __rt_locale_data
    rt_locale_intlibspace.o(.text) refers to libspace.o(.bss) for __libspace_start
    lc_ctype_c.o(locale$$data) refers (Special) to libinit2.o(.ARM.Collect$$libinit$$00000012) for __rt_lib_init_lc_ctype_2
    lc_ctype_c.o(locale$$code) refers (Special) to libinit2.o(.ARM.Collect$$libinit$$00000012) for __rt_lib_init_lc_ctype_2
    lc_ctype_c.o(locale$$code) refers to strcmpv6m.o(.text) for strcmp
    lc_ctype_c.o(locale$$code) refers to lc_ctype_c.o(locale$$data) for __lcctype_c_name
    exit.o(.text) refers to rtexit.o(.ARM.Collect$$rtexit$$00000000) for __rt_exit
    defsig_fpe_outer.o(.text) refers to defsig_fpe_inner.o(.text) for __rt_SIGFPE_inner
    defsig_fpe_outer.o(.text) refers to defsig_exit.o(.text) for __sig_exit
    defsig_fpe_formal.o(.text) refers to rt_raise.o(.text) for __rt_raise
    libinit.o(.ARM.Collect$$libinit$$00000000) refers (Special) to libinit2.o(.ARM.Collect$$libinit$$0000002E) for __rt_lib_init_alloca_1
    libinit.o(.ARM.Collect$$libinit$$00000000) refers (Special) to libinit2.o(.ARM.Collect$$libinit$$0000002C) for __rt_lib_init_argv_1
    libinit.o(.ARM.Collect$$libinit$$00000000) refers (Special) to libinit2.o(.ARM.Collect$$libinit$$0000001B) for __rt_lib_init_atexit_1
    libinit.o(.ARM.Collect$$libinit$$00000000) refers (Special) to libinit2.o(.ARM.Collect$$libinit$$00000021) for __rt_lib_init_clock_1
    libinit.o(.ARM.Collect$$libinit$$00000000) refers (Special) to libinit2.o(.ARM.Collect$$libinit$$00000032) for __rt_lib_init_cpp_1
    libinit.o(.ARM.Collect$$libinit$$00000000) refers (Special) to libinit2.o(.ARM.Collect$$libinit$$00000030) for __rt_lib_init_exceptions_1
    libinit.o(.ARM.Collect$$libinit$$00000000) refers (Special) to libinit2.o(.ARM.Collect$$libinit$$00000002) for __rt_lib_init_fp_1
    libinit.o(.ARM.Collect$$libinit$$00000000) refers (Special) to libinit2.o(.ARM.Collect$$libinit$$0000001F) for __rt_lib_init_fp_trap_1
    libinit.o(.ARM.Collect$$libinit$$00000000) refers (Special) to libinit2.o(.ARM.Collect$$libinit$$00000023) for __rt_lib_init_getenv_1
    libinit.o(.ARM.Collect$$libinit$$00000000) refers (Special) to libinit2.o(.ARM.Collect$$libinit$$0000000A) for __rt_lib_init_heap_1
    libinit.o(.ARM.Collect$$libinit$$00000000) refers (Special) to libinit2.o(.ARM.Collect$$libinit$$00000011) for __rt_lib_init_lc_collate_1
    libinit.o(.ARM.Collect$$libinit$$00000000) refers (Special) to libinit2.o(.ARM.Collect$$libinit$$00000013) for __rt_lib_init_lc_ctype_1
    libinit.o(.ARM.Collect$$libinit$$00000000) refers (Special) to libinit2.o(.ARM.Collect$$libinit$$00000015) for __rt_lib_init_lc_monetary_1
    libinit.o(.ARM.Collect$$libinit$$00000000) refers (Special) to libinit2.o(.ARM.Collect$$libinit$$00000017) for __rt_lib_init_lc_numeric_1
    libinit.o(.ARM.Collect$$libinit$$00000000) refers (Special) to libinit2.o(.ARM.Collect$$libinit$$00000019) for __rt_lib_init_lc_time_1
    libinit.o(.ARM.Collect$$libinit$$00000000) refers (Special) to libinit2.o(.ARM.Collect$$libinit$$00000004) for __rt_lib_init_preinit_1
    libinit.o(.ARM.Collect$$libinit$$00000000) refers (Special) to libinit2.o(.ARM.Collect$$libinit$$0000000E) for __rt_lib_init_rand_1
    libinit.o(.ARM.Collect$$libinit$$00000000) refers (Special) to libinit2.o(.ARM.Collect$$libinit$$00000033) for __rt_lib_init_return
    libinit.o(.ARM.Collect$$libinit$$00000000) refers (Special) to libinit2.o(.ARM.Collect$$libinit$$0000001D) for __rt_lib_init_signal_1
    libinit.o(.ARM.Collect$$libinit$$00000000) refers (Special) to libinit2.o(.ARM.Collect$$libinit$$00000025) for __rt_lib_init_stdio_1
    libinit.o(.ARM.Collect$$libinit$$00000000) refers (Special) to libinit2.o(.ARM.Collect$$libinit$$0000000C) for __rt_lib_init_user_alloc_1
    rtexit.o(.ARM.Collect$$rtexit$$00000000) refers (Special) to rtexit2.o(.ARM.Collect$$rtexit$$00000004) for __rt_exit_exit
    rtexit.o(.ARM.Collect$$rtexit$$00000000) refers (Special) to rtexit2.o(.ARM.Collect$$rtexit$$00000003) for __rt_exit_ls
    rtexit.o(.ARM.Collect$$rtexit$$00000000) refers (Special) to rtexit2.o(.ARM.Collect$$rtexit$$00000002) for __rt_exit_prels_1
    rtexit.o(.ARM.exidx) refers (Special) to rtexit2.o(.ARM.Collect$$rtexit$$00000004) for __rt_exit_exit
    rtexit.o(.ARM.exidx) refers (Special) to rtexit2.o(.ARM.Collect$$rtexit$$00000003) for __rt_exit_ls
    rtexit.o(.ARM.exidx) refers (Special) to rtexit2.o(.ARM.Collect$$rtexit$$00000002) for __rt_exit_prels_1
    rtexit.o(.ARM.exidx) refers to rtexit.o(.ARM.Collect$$rtexit$$00000000) for .ARM.Collect$$rtexit$$00000000
    rt_raise.o(.text) refers to __raise.o(.text) for __raise
    rt_raise.o(.text) refers to sys_exit.o(.text) for _sys_exit
    defsig_exit.o(.text) refers to sys_exit.o(.text) for _sys_exit
    defsig_fpe_inner.o(.text) refers to defsig_general.o(.text) for __default_signal_display
    libinit2.o(.ARM.Collect$$libinit$$0000000F) refers (Weak) to rt_locale_intlibspace.o(.text) for __rt_locale
    libinit2.o(.ARM.Collect$$libinit$$00000010) refers to libinit2.o(.ARM.Collect$$libinit$$0000000F) for .ARM.Collect$$libinit$$0000000F
    libinit2.o(.ARM.Collect$$libinit$$00000012) refers to libinit2.o(.ARM.Collect$$libinit$$0000000F) for .ARM.Collect$$libinit$$0000000F
    libinit2.o(.ARM.Collect$$libinit$$00000012) refers (Weak) to lc_ctype_c.o(locale$$code) for _get_lc_ctype
    libinit2.o(.ARM.Collect$$libinit$$00000014) refers to libinit2.o(.ARM.Collect$$libinit$$0000000F) for .ARM.Collect$$libinit$$0000000F
    libinit2.o(.ARM.Collect$$libinit$$00000016) refers to libinit2.o(.ARM.Collect$$libinit$$0000000F) for .ARM.Collect$$libinit$$0000000F
    libinit2.o(.ARM.Collect$$libinit$$00000018) refers to libinit2.o(.ARM.Collect$$libinit$$0000000F) for .ARM.Collect$$libinit$$0000000F
    libinit2.o(.ARM.Collect$$libinit$$00000026) refers to argv_veneer.o(.text) for __ARM_argv_veneer
    libinit2.o(.ARM.Collect$$libinit$$00000027) refers to argv_veneer.o(.text) for __ARM_argv_veneer
    sys_exit.o(.text) refers (Special) to use_no_semi.o(.text) for __I$use$semihosting
    sys_exit.o(.text) refers (Special) to indicate_semi.o(.text) for __semihosting_library_function
    sys_exit_hlt.o(.text) refers (Special) to use_no_semi.o(.text) for __I$use$semihosting
    sys_exit_hlt.o(.text) refers (Special) to indicate_semi.o(.text) for __semihosting_library_function
    rtexit2.o(.ARM.Collect$$rtexit$$00000003) refers to libshutdown.o(.ARM.Collect$$libshutdown$$00000000) for __rt_lib_shutdown
    rtexit2.o(.ARM.Collect$$rtexit$$00000004) refers to sys_exit.o(.text) for _sys_exit
    rtexit2.o(.ARM.exidx) refers to rtexit2.o(.ARM.Collect$$rtexit$$00000001) for .ARM.Collect$$rtexit$$00000001
    rtexit2.o(.ARM.exidx) refers to rtexit2.o(.ARM.Collect$$rtexit$$00000003) for .ARM.Collect$$rtexit$$00000003
    rtexit2.o(.ARM.exidx) refers to rtexit2.o(.ARM.Collect$$rtexit$$00000004) for .ARM.Collect$$rtexit$$00000004
    __raise.o(.text) refers to defsig.o(CL$$defsig) for __default_signal_handler
    defsig_general.o(.text) refers to sys_wrch.o(.text) for _ttywrch
    sys_wrch.o(.text) refers (Special) to use_no_semi.o(.text) for __I$use$semihosting
    sys_wrch.o(.text) refers (Special) to indicate_semi.o(.text) for __semihosting_library_function
    sys_wrch_hlt.o(.text) refers (Special) to use_no_semi.o(.text) for __I$use$semihosting
    sys_wrch_hlt.o(.text) refers (Special) to indicate_semi.o(.text) for __semihosting_library_function
    defsig.o(CL$$defsig) refers to defsig_fpe_inner.o(.text) for __rt_SIGFPE_inner
    defsig.o(CL$$defsig) refers to defsig_rtmem_inner.o(.text) for __rt_SIGRTMEM_inner
    _get_argv_nomalloc.o(.text) refers (Special) to hrguard.o(.text) for __heap_region$guard
    _get_argv_nomalloc.o(.text) refers to defsig_rtmem_outer.o(.text) for __rt_SIGRTMEM
    _get_argv_nomalloc.o(.text) refers to sys_command.o(.text) for _sys_command_string
    libshutdown.o(.ARM.Collect$$libshutdown$$00000000) refers (Special) to libshutdown2.o(.ARM.Collect$$libshutdown$$00000002) for __rt_lib_shutdown_cpp_1
    libshutdown.o(.ARM.Collect$$libshutdown$$00000000) refers (Special) to libshutdown2.o(.ARM.Collect$$libshutdown$$00000007) for __rt_lib_shutdown_fp_trap_1
    libshutdown.o(.ARM.Collect$$libshutdown$$00000000) refers (Special) to libshutdown2.o(.ARM.Collect$$libshutdown$$0000000F) for __rt_lib_shutdown_heap_1
    libshutdown.o(.ARM.Collect$$libshutdown$$00000000) refers (Special) to libshutdown2.o(.ARM.Collect$$libshutdown$$00000010) for __rt_lib_shutdown_return
    libshutdown.o(.ARM.Collect$$libshutdown$$00000000) refers (Special) to libshutdown2.o(.ARM.Collect$$libshutdown$$0000000A) for __rt_lib_shutdown_signal_1
    libshutdown.o(.ARM.Collect$$libshutdown$$00000000) refers (Special) to libshutdown2.o(.ARM.Collect$$libshutdown$$00000004) for __rt_lib_shutdown_stdio_1
    libshutdown.o(.ARM.Collect$$libshutdown$$00000000) refers (Special) to libshutdown2.o(.ARM.Collect$$libshutdown$$0000000C) for __rt_lib_shutdown_user_alloc_1
    sys_command.o(.text) refers (Special) to use_no_semi.o(.text) for __I$use$semihosting
    sys_command.o(.text) refers (Special) to indicate_semi.o(.text) for __semihosting_library_function
    sys_command_hlt.o(.text) refers (Special) to use_no_semi.o(.text) for __I$use$semihosting
    sys_command_hlt.o(.text) refers (Special) to indicate_semi.o(.text) for __semihosting_library_function
    defsig_abrt_inner.o(.text) refers to defsig_general.o(.text) for __default_signal_display
    defsig_rtred_inner.o(.text) refers to defsig_general.o(.text) for __default_signal_display
    defsig_rtmem_inner.o(.text) refers to defsig_general.o(.text) for __default_signal_display
    defsig_rtmem_outer.o(.text) refers to defsig_rtmem_inner.o(.text) for __rt_SIGRTMEM_inner
    defsig_rtmem_outer.o(.text) refers to defsig_exit.o(.text) for __sig_exit
    defsig_rtmem_formal.o(.text) refers to rt_raise.o(.text) for __rt_raise
    defsig_stak_inner.o(.text) refers to defsig_general.o(.text) for __default_signal_display
    defsig_pvfn_inner.o(.text) refers to defsig_general.o(.text) for __default_signal_display
    defsig_cppl_inner.o(.text) refers to defsig_general.o(.text) for __default_signal_display
    defsig_segv_inner.o(.text) refers to defsig_general.o(.text) for __default_signal_display
    defsig_other.o(.text) refers to defsig_general.o(.text) for __default_signal_display


==============================================================================

Removing Unused input sections from the image.

    Removing main.o(.text), (0 bytes).
    Removing main.o(.text.ProcessBuffer), (136 bytes).
    Removing main.o(.ARM.exidx.text.ProcessBuffer), (8 bytes).
    Removing main.o(.text.UART_ReceiveChar), (20 bytes).
    Removing main.o(.ARM.exidx.text.UART_ReceiveChar), (8 bytes).
    Removing main.o(.text.setup), (68 bytes).
    Removing main.o(.ARM.exidx.text.setup), (8 bytes).
    Removing main.o(.text.SystemClock_Config), (92 bytes).
    Removing main.o(.ARM.exidx.text.SystemClock_Config), (8 bytes).
    Removing main.o(.ARM.exidx.text.main), (8 bytes).
    Removing main.o(.ARM.exidx.text.TIM2_IRQHandler), (8 bytes).
    Removing main.o(.ARM.exidx.text.TIM6_DAC_IRQHandler), (8 bytes).
    Removing main.o(.ARM.exidx.text.TIM7_IRQHandler), (8 bytes).
    Removing main.o(.data.U), (4 bytes).
    Removing main.o(.bss.firstInter), (4 bytes).
    Removing main.o(.bss.counter), (4 bytes).
    Removing main.o(.bss.I1), (4 bytes).
    Removing main.o(.bss.Startuem), (4 bytes).
    Removing main.o(.bss.vhod), (4 bytes).
    Removing main.o(.ARM.use_no_argv), (4 bytes).
    Removing uart_init.o(.text), (0 bytes).
    Removing uart_init.o(.ARM.exidx.text.UART_Init), (8 bytes).
    Removing pwm_init.o(.text), (0 bytes).
    Removing pwm_init.o(.ARM.exidx.text.ports_for_timers_init), (8 bytes).
    Removing pwm_init.o(.ARM.exidx.text.TIM2_setup), (8 bytes).
    Removing pwm_init.o(.text.TIM2_start), (2 bytes).
    Removing pwm_init.o(.ARM.exidx.text.TIM2_start), (8 bytes).
    Removing pwm_init.o(.ARM.exidx.text.TIM3_setup), (8 bytes).
    Removing pwm_init.o(.ARM.exidx.text.TIM6_setup), (8 bytes).
    Removing pwm_init.o(.ARM.exidx.text.TIM7_setup), (8 bytes).
    Removing pwm_init.o(.ARM.exidx.text.start_counting_time_mks), (8 bytes).
    Removing handlers.o(.text), (0 bytes).
    Removing system_stm32f0xx.o(.text), (0 bytes).
    Removing system_stm32f0xx.o(.ARM.exidx.text.SystemInit), (8 bytes).
    Removing system_stm32f0xx.o(.text.SystemCoreClockUpdate), (116 bytes).
    Removing system_stm32f0xx.o(.ARM.exidx.text.SystemCoreClockUpdate), (8 bytes).
    Removing system_stm32f0xx.o(.data.SystemCoreClock), (4 bytes).
    Removing system_stm32f0xx.o(.rodata.AHBPrescTable), (16 bytes).
    Removing system_stm32f0xx.o(.rodata.APBPrescTable), (8 bytes).

39 unused section(s) (total 634 bytes) removed from the image.

==============================================================================

Image Symbol Table

    Local Symbols

    Symbol Name                              Value     Ov Type        Size  Object(Section)

    ../clib/angel/boardlib.s                 0x00000000   Number         0  boardinit1.o ABSOLUTE
    ../clib/angel/boardlib.s                 0x00000000   Number         0  boardinit2.o ABSOLUTE
    ../clib/angel/boardlib.s                 0x00000000   Number         0  boardinit3.o ABSOLUTE
    ../clib/angel/boardlib.s                 0x00000000   Number         0  boardshut.o ABSOLUTE
    ../clib/angel/handlers.s                 0x00000000   Number         0  __scatter_copy.o ABSOLUTE
    ../clib/angel/handlers.s                 0x00000000   Number         0  __scatter_zi.o ABSOLUTE
    ../clib/angel/kernel.s                   0x00000000   Number         0  __rtentry.o ABSOLUTE
    ../clib/angel/kernel.s                   0x00000000   Number         0  __rtentry2.o ABSOLUTE
    ../clib/angel/kernel.s                   0x00000000   Number         0  __rtentry4.o ABSOLUTE
    ../clib/angel/kernel.s                   0x00000000   Number         0  rtexit.o ABSOLUTE
    ../clib/angel/kernel.s                   0x00000000   Number         0  rtexit2.o ABSOLUTE
    ../clib/angel/rt.s                       0x00000000   Number         0  aeabi_idiv0.o ABSOLUTE
    ../clib/angel/rt.s                       0x00000000   Number         0  aeabi_idiv0_sigfpe.o ABSOLUTE
    ../clib/angel/rt.s                       0x00000000   Number         0  rt_errno_addr.o ABSOLUTE
    ../clib/angel/rt.s                       0x00000000   Number         0  rt_errno_addr_intlibspace.o ABSOLUTE
    ../clib/angel/rt.s                       0x00000000   Number         0  rt_ctype_table.o ABSOLUTE
    ../clib/angel/rt.s                       0x00000000   Number         0  rt_div0.o ABSOLUTE
    ../clib/angel/rt.s                       0x00000000   Number         0  rt_locale.o ABSOLUTE
    ../clib/angel/rt.s                       0x00000000   Number         0  rt_locale_intlibspace.o ABSOLUTE
    ../clib/angel/rt.s                       0x00000000   Number         0  rt_raise.o ABSOLUTE
    ../clib/angel/scatterp.s                 0x00000000   Number         0  __scatter.o ABSOLUTE
    ../clib/angel/startup.s                  0x00000000   Number         0  __main.o ABSOLUTE
    ../clib/angel/sys.s                      0x00000000   Number         0  libspace.o ABSOLUTE
    ../clib/angel/sys.s                      0x00000000   Number         0  sys_stackheap_outer.o ABSOLUTE
    ../clib/angel/sys.s                      0x00000000   Number         0  tempstk.o ABSOLUTE
    ../clib/angel/sys.s                      0x00000000   Number         0  use_no_semi.o ABSOLUTE
    ../clib/angel/sys.s                      0x00000000   Number         0  indicate_semi.o ABSOLUTE
    ../clib/angel/sysapp.c                   0x00000000   Number         0  sys_exit.o ABSOLUTE
    ../clib/angel/sysapp.c                   0x00000000   Number         0  sys_exit_hlt.o ABSOLUTE
    ../clib/angel/sysapp.c                   0x00000000   Number         0  sys_wrch.o ABSOLUTE
    ../clib/angel/sysapp.c                   0x00000000   Number         0  sys_wrch_hlt.o ABSOLUTE
    ../clib/angel/sysapp.c                   0x00000000   Number         0  sys_command.o ABSOLUTE
    ../clib/angel/sysapp.c                   0x00000000   Number         0  sys_command_hlt.o ABSOLUTE
    ../clib/armsys.c                         0x00000000   Number         0  argv_veneer.o ABSOLUTE
    ../clib/armsys.c                         0x00000000   Number         0  _get_argv_nomalloc.o ABSOLUTE
    ../clib/armsys.c                         0x00000000   Number         0  no_argv.o ABSOLUTE
    ../clib/division.s                       0x00000000   Number         0  aeabi_sdivfast.o ABSOLUTE
    ../clib/division.s                       0x00000000   Number         0  aeabi_sdivfast_div0.o ABSOLUTE
    ../clib/heapalloc.c                      0x00000000   Number         0  hrguard.o ABSOLUTE
    ../clib/heapaux.c                        0x00000000   Number         0  heapauxi.o ABSOLUTE
    ../clib/libinit.s                        0x00000000   Number         0  libinit.o ABSOLUTE
    ../clib/libinit.s                        0x00000000   Number         0  libinit2.o ABSOLUTE
    ../clib/libinit.s                        0x00000000   Number         0  libshutdown.o ABSOLUTE
    ../clib/libinit.s                        0x00000000   Number         0  libshutdown2.o ABSOLUTE
    ../clib/locale.s                         0x00000000   Number         0  lc_ctype_c.o ABSOLUTE
    ../clib/memcpset.c                       0x00000000   Number         0  rt_memclr.o ABSOLUTE
    ../clib/memcpset.s                       0x00000000   Number         0  strcmpv6m.o ABSOLUTE
    ../clib/scanf.c                          0x00000000   Number         0  atoi.o ABSOLUTE
    ../clib/scanf.c                          0x00000000   Number         0  strtol.o ABSOLUTE
    ../clib/scanf.c                          0x00000000   Number         0  _strtoul.o ABSOLUTE
    ../clib/scanf.c                          0x00000000   Number         0  _chval.o ABSOLUTE
    ../clib/signal.c                         0x00000000   Number         0  defsig_fpe_outer.o ABSOLUTE
    ../clib/signal.c                         0x00000000   Number         0  defsig_fpe_formal.o ABSOLUTE
    ../clib/signal.c                         0x00000000   Number         0  defsig_exit.o ABSOLUTE
    ../clib/signal.c                         0x00000000   Number         0  defsig_fpe_inner.o ABSOLUTE
    ../clib/signal.c                         0x00000000   Number         0  __raise.o ABSOLUTE
    ../clib/signal.c                         0x00000000   Number         0  defsig_general.o ABSOLUTE
    ../clib/signal.c                         0x00000000   Number         0  defsig_abrt_inner.o ABSOLUTE
    ../clib/signal.c                         0x00000000   Number         0  defsig_rtred_inner.o ABSOLUTE
    ../clib/signal.c                         0x00000000   Number         0  defsig_rtmem_inner.o ABSOLUTE
    ../clib/signal.c                         0x00000000   Number         0  defsig_rtmem_outer.o ABSOLUTE
    ../clib/signal.c                         0x00000000   Number         0  defsig_rtmem_formal.o ABSOLUTE
    ../clib/signal.c                         0x00000000   Number         0  defsig_stak_inner.o ABSOLUTE
    ../clib/signal.c                         0x00000000   Number         0  defsig_pvfn_inner.o ABSOLUTE
    ../clib/signal.c                         0x00000000   Number         0  defsig_cppl_inner.o ABSOLUTE
    ../clib/signal.c                         0x00000000   Number         0  defsig_segv_inner.o ABSOLUTE
    ../clib/signal.c                         0x00000000   Number         0  defsig_other.o ABSOLUTE
    ../clib/signal.s                         0x00000000   Number         0  defsig.o ABSOLUTE
    ../clib/stdlib.c                         0x00000000   Number         0  exit.o ABSOLUTE
    ../clib/string.c                         0x00000000   Number         0  strtok.o ABSOLUTE
    ../clib/string.c                         0x00000000   Number         0  strtok_int.o ABSOLUTE
    ../clib/string.c                         0x00000000   Number         0  strcspn.o ABSOLUTE
    ../clib/string.c                         0x00000000   Number         0  strspn.o ABSOLUTE
    ../fplib/cfplib/d2f.c                    0x00000000   Number         0  d2f.o ABSOLUTE
    ../fplib/cfplib/ddiv.c                   0x00000000   Number         0  ddiv.o ABSOLUTE
    ../fplib/cfplib/dmul.c                   0x00000000   Number         0  dmul.o ABSOLUTE
    ../fplib/cfplib/f2d.c                    0x00000000   Number         0  f2d.o ABSOLUTE
    ../fplib/cfplib/fdiv.c                   0x00000000   Number         0  fdiv.o ABSOLUTE
    ../fplib/cfplib/fflt.c                   0x00000000   Number         0  dflti.o ABSOLUTE
    ../fplib/cfplib/fflt.c                   0x00000000   Number         0  fflti.o ABSOLUTE
    ../fplib/cfplib/fpinit.c                 0x00000000   Number         0  fpinit.o ABSOLUTE
    ../fplib/fmul6m.s                        0x00000000   Number         0  fmul.o ABSOLUTE
    ../fplib/usenofp.s                       0x00000000   Number         0  usenofp.o ABSOLUTE
    RTE/Device/STM32F072RBTx/startup_stm32f072xb.s 0x00000000   Number         0  startup_stm32f072xb.o ABSOLUTE
    dc.s                                     0x00000000   Number         0  dc.o ABSOLUTE
    handlers.c                               0x00000000   Number         0  handlers.o ABSOLUTE
    main.c                                   0x00000000   Number         0  main.o ABSOLUTE
    pwm_init.c                               0x00000000   Number         0  pwm_init.o ABSOLUTE
    system_stm32f0xx.c                       0x00000000   Number         0  system_stm32f0xx.o ABSOLUTE
    uart_init.c                              0x00000000   Number         0  uart_init.o ABSOLUTE
    RESET                                    0x08000000   Section      192  startup_stm32f072xb.o(RESET)
    !!!main                                  0x080000c0   Section        8  __main.o(!!!main)
    !!!scatter                               0x080000c8   Section       60  __scatter.o(!!!scatter)
    !!handler_copy                           0x08000104   Section       26  __scatter_copy.o(!!handler_copy)
    !!handler_zi                             0x08000120   Section       28  __scatter_zi.o(!!handler_zi)
    .ARM.Collect$$libinit$$00000000          0x0800013c   Section        2  libinit.o(.ARM.Collect$$libinit$$00000000)
    .ARM.Collect$$libinit$$00000002          0x0800013e   Section        0  libinit2.o(.ARM.Collect$$libinit$$00000002)
    .ARM.Collect$$libinit$$00000004          0x0800013e   Section        0  libinit2.o(.ARM.Collect$$libinit$$00000004)
    .ARM.Collect$$libinit$$0000000A          0x0800013e   Section        0  libinit2.o(.ARM.Collect$$libinit$$0000000A)
    .ARM.Collect$$libinit$$0000000C          0x0800013e   Section        0  libinit2.o(.ARM.Collect$$libinit$$0000000C)
    .ARM.Collect$$libinit$$0000000E          0x0800013e   Section        0  libinit2.o(.ARM.Collect$$libinit$$0000000E)
    .ARM.Collect$$libinit$$0000000F          0x0800013e   Section        6  libinit2.o(.ARM.Collect$$libinit$$0000000F)
    .ARM.Collect$$libinit$$00000011          0x08000144   Section        0  libinit2.o(.ARM.Collect$$libinit$$00000011)
    .ARM.Collect$$libinit$$00000012          0x08000144   Section       12  libinit2.o(.ARM.Collect$$libinit$$00000012)
    .ARM.Collect$$libinit$$00000013          0x08000150   Section        0  libinit2.o(.ARM.Collect$$libinit$$00000013)
    .ARM.Collect$$libinit$$00000015          0x08000150   Section        0  libinit2.o(.ARM.Collect$$libinit$$00000015)
    .ARM.Collect$$libinit$$00000017          0x08000150   Section        0  libinit2.o(.ARM.Collect$$libinit$$00000017)
    .ARM.Collect$$libinit$$00000019          0x08000150   Section        0  libinit2.o(.ARM.Collect$$libinit$$00000019)
    .ARM.Collect$$libinit$$0000001B          0x08000150   Section        0  libinit2.o(.ARM.Collect$$libinit$$0000001B)
    .ARM.Collect$$libinit$$0000001D          0x08000150   Section        0  libinit2.o(.ARM.Collect$$libinit$$0000001D)
    .ARM.Collect$$libinit$$0000001F          0x08000150   Section        0  libinit2.o(.ARM.Collect$$libinit$$0000001F)
    .ARM.Collect$$libinit$$00000021          0x08000150   Section        0  libinit2.o(.ARM.Collect$$libinit$$00000021)
    .ARM.Collect$$libinit$$00000023          0x08000150   Section        0  libinit2.o(.ARM.Collect$$libinit$$00000023)
    .ARM.Collect$$libinit$$00000025          0x08000150   Section        0  libinit2.o(.ARM.Collect$$libinit$$00000025)
    .ARM.Collect$$libinit$$0000002C          0x08000150   Section        0  libinit2.o(.ARM.Collect$$libinit$$0000002C)
    .ARM.Collect$$libinit$$0000002E          0x08000150   Section        0  libinit2.o(.ARM.Collect$$libinit$$0000002E)
    .ARM.Collect$$libinit$$00000030          0x08000150   Section        0  libinit2.o(.ARM.Collect$$libinit$$00000030)
    .ARM.Collect$$libinit$$00000032          0x08000150   Section        0  libinit2.o(.ARM.Collect$$libinit$$00000032)
    .ARM.Collect$$libinit$$00000033          0x08000150   Section        2  libinit2.o(.ARM.Collect$$libinit$$00000033)
    .ARM.Collect$$libshutdown$$00000000      0x08000152   Section        2  libshutdown.o(.ARM.Collect$$libshutdown$$00000000)
    .ARM.Collect$$libshutdown$$00000002      0x08000154   Section        0  libshutdown2.o(.ARM.Collect$$libshutdown$$00000002)
    .ARM.Collect$$libshutdown$$00000004      0x08000154   Section        0  libshutdown2.o(.ARM.Collect$$libshutdown$$00000004)
    .ARM.Collect$$libshutdown$$00000007      0x08000154   Section        0  libshutdown2.o(.ARM.Collect$$libshutdown$$00000007)
    .ARM.Collect$$libshutdown$$0000000A      0x08000154   Section        0  libshutdown2.o(.ARM.Collect$$libshutdown$$0000000A)
    .ARM.Collect$$libshutdown$$0000000C      0x08000154   Section        0  libshutdown2.o(.ARM.Collect$$libshutdown$$0000000C)
    .ARM.Collect$$libshutdown$$0000000F      0x08000154   Section        0  libshutdown2.o(.ARM.Collect$$libshutdown$$0000000F)
    .ARM.Collect$$libshutdown$$00000010      0x08000154   Section        2  libshutdown2.o(.ARM.Collect$$libshutdown$$00000010)
    .ARM.Collect$$rtentry$$00000000          0x08000156   Section        0  __rtentry.o(.ARM.Collect$$rtentry$$00000000)
    .ARM.Collect$$rtentry$$00000002          0x08000156   Section        0  __rtentry2.o(.ARM.Collect$$rtentry$$00000002)
    .ARM.Collect$$rtentry$$00000004          0x08000156   Section        6  __rtentry4.o(.ARM.Collect$$rtentry$$00000004)
    .ARM.Collect$$rtentry$$00000009          0x0800015c   Section        0  __rtentry2.o(.ARM.Collect$$rtentry$$00000009)
    .ARM.Collect$$rtentry$$0000000A          0x0800015c   Section        4  __rtentry2.o(.ARM.Collect$$rtentry$$0000000A)
    .ARM.Collect$$rtentry$$0000000C          0x08000160   Section        0  __rtentry2.o(.ARM.Collect$$rtentry$$0000000C)
    .ARM.Collect$$rtentry$$0000000D          0x08000160   Section        8  __rtentry2.o(.ARM.Collect$$rtentry$$0000000D)
    .ARM.Collect$$rtexit$$00000000           0x08000168   Section        2  rtexit.o(.ARM.Collect$$rtexit$$00000000)
    .ARM.Collect$$rtexit$$00000002           0x0800016a   Section        0  rtexit2.o(.ARM.Collect$$rtexit$$00000002)
    .ARM.Collect$$rtexit$$00000003           0x0800016a   Section        4  rtexit2.o(.ARM.Collect$$rtexit$$00000003)
    .ARM.Collect$$rtexit$$00000004           0x0800016e   Section        6  rtexit2.o(.ARM.Collect$$rtexit$$00000004)
    .text                                    0x08000174   Section       56  startup_stm32f072xb.o(.text)
    .text                                    0x080001ac   Section        0  atoi.o(.text)
    .text                                    0x080001c8   Section        0  strtok.o(.text)
    .text                                    0x080001d8   Section        0  rt_memclr.o(.text)
    .text                                    0x08000218   Section        0  heapauxi.o(.text)
    .text                                    0x08000220   Section        0  d2f.o(.text)
    .text                                    0x0800029c   Section        0  ddiv.o(.text)
    .text                                    0x080006e4   Section        0  dflti.o(.text)
    .text                                    0x0800073c   Section        0  dmul.o(.text)
    .text                                    0x08000984   Section        0  f2d.o(.text)
    .text                                    0x080009d8   Section        0  fdiv.o(.text)
    .text                                    0x08000b38   Section        0  fflti.o(.text)
    .text                                    0x08000b98   Section        8  rt_errno_addr_intlibspace.o(.text)
    .text                                    0x08000ba0   Section        0  strtol.o(.text)
    .text                                    0x08000c10   Section        0  strtok_int.o(.text)
    .text                                    0x08000c58   Section        8  libspace.o(.text)
    .text                                    0x08000c60   Section       16  rt_ctype_table.o(.text)
    .text                                    0x08000c70   Section        0  _strtoul.o(.text)
    .text                                    0x08000d16   Section        0  strcspn.o(.text)
    .text                                    0x08000d38   Section        0  strspn.o(.text)
    .text                                    0x08000d58   Section       62  sys_stackheap_outer.o(.text)
    .text                                    0x08000d98   Section        8  rt_locale_intlibspace.o(.text)
    .text                                    0x08000da0   Section        0  _chval.o(.text)
    .text                                    0x08000dbe   Section        0  exit.o(.text)
    .text                                    0x08000dd0   Section      176  strcmpv6m.o(.text)
    .text                                    0x08000e80   Section        0  sys_exit.o(.text)
    .text                                    0x08000e8c   Section        2  use_no_semi.o(.text)
    [Anonymous Symbol]                       0x08000e8e   Section        0  system_stm32f0xx.o(.text.SystemInit)
    .text                                    0x08000e8e   Section        0  indicate_semi.o(.text)
    [Anonymous Symbol]                       0x08000e90   Section        0  main.o(.text.TIM2_IRQHandler)
    __arm_cp.5_0                             0x08000eb8   Number         4  main.o(.text.TIM2_IRQHandler)
    [Anonymous Symbol]                       0x08000ebc   Section        0  pwm_init.o(.text.TIM2_setup)
    [Anonymous Symbol]                       0x08000f18   Section        0  pwm_init.o(.text.TIM3_setup)
    __arm_cp.3_1                             0x08000f48   Number         4  pwm_init.o(.text.TIM3_setup)
    __arm_cp.3_2                             0x08000f4c   Number         4  pwm_init.o(.text.TIM3_setup)
    [Anonymous Symbol]                       0x08000f50   Section        0  main.o(.text.TIM6_DAC_IRQHandler)
    __arm_cp.6_0                             0x08000fb0   Number         4  main.o(.text.TIM6_DAC_IRQHandler)
    __arm_cp.6_2                             0x08000fb4   Number         4  main.o(.text.TIM6_DAC_IRQHandler)
    __arm_cp.6_4                             0x08000fb8   Number         4  main.o(.text.TIM6_DAC_IRQHandler)
    [Anonymous Symbol]                       0x08000fbc   Section        0  pwm_init.o(.text.TIM6_setup)
    __arm_cp.4_0                             0x08000fdc   Number         4  pwm_init.o(.text.TIM6_setup)
    __arm_cp.4_1                             0x08000fe0   Number         4  pwm_init.o(.text.TIM6_setup)
    [Anonymous Symbol]                       0x08000fe4   Section        0  main.o(.text.TIM7_IRQHandler)
    __arm_cp.7_0                             0x08001024   Number         4  main.o(.text.TIM7_IRQHandler)
    [Anonymous Symbol]                       0x08001028   Section        0  pwm_init.o(.text.TIM7_setup)
    __arm_cp.5_0                             0x08001050   Number         4  pwm_init.o(.text.TIM7_setup)
    [Anonymous Symbol]                       0x08001054   Section        0  uart_init.o(.text.UART_Init)
    __arm_cp.0_0                             0x080010a0   Number         4  uart_init.o(.text.UART_Init)
    __arm_cp.0_1                             0x080010a4   Number         4  uart_init.o(.text.UART_Init)
    __arm_cp.0_2                             0x080010a8   Number         4  uart_init.o(.text.UART_Init)
    [Anonymous Symbol]                       0x080010ac   Section        0  main.o(.text.main)
    __arm_cp.4_0                             0x080012f8   Number         4  main.o(.text.main)
    __arm_cp.4_1                             0x080012fc   Number         4  main.o(.text.main)
    __arm_cp.4_2                             0x08001300   Number         4  main.o(.text.main)
    __arm_cp.4_3                             0x08001304   Number         4  main.o(.text.main)
    __arm_cp.4_5                             0x08001308   Number         4  main.o(.text.main)
    __arm_cp.4_6                             0x0800130c   Number         4  main.o(.text.main)
    __arm_cp.4_7                             0x08001310   Number         4  main.o(.text.main)
    __arm_cp.4_8                             0x08001314   Number         4  main.o(.text.main)
    __arm_cp.4_9                             0x08001318   Number         4  main.o(.text.main)
    __arm_cp.4_10                            0x0800131c   Number         4  main.o(.text.main)
    __arm_cp.4_11                            0x08001320   Number         4  main.o(.text.main)
    __arm_cp.4_12                            0x08001324   Number         4  main.o(.text.main)
    __arm_cp.4_13                            0x08001328   Number         4  main.o(.text.main)
    __arm_cp.4_14                            0x0800132c   Number         4  main.o(.text.main)
    __arm_cp.4_15                            0x08001330   Number         4  main.o(.text.main)
    [Anonymous Symbol]                       0x08001334   Section        0  pwm_init.o(.text.ports_for_timers_init)
    __arm_cp.0_0                             0x080013b4   Number         4  pwm_init.o(.text.ports_for_timers_init)
    __arm_cp.0_1                             0x080013b8   Number         4  pwm_init.o(.text.ports_for_timers_init)
    [Anonymous Symbol]                       0x080013bc   Section        0  pwm_init.o(.text.start_counting_time_mks)
    __arm_cp.6_0                             0x080013d8   Number         4  pwm_init.o(.text.start_counting_time_mks)
    __arm_cp.6_1                             0x080013dc   Number         4  pwm_init.o(.text.start_counting_time_mks)
    locale$$code                             0x080013e0   Section       44  lc_ctype_c.o(locale$$code)
    x$fpl$fmul                               0x0800140c   Section      176  fmul.o(x$fpl$fmul)
    ddiv_reciptbl                            0x080014bc   Data         128  ddiv.o(.constdata)
    .constdata                               0x080014bc   Section      128  ddiv.o(.constdata)
    x$fpl$usenofp                            0x080014bc   Section        0  usenofp.o(x$fpl$usenofp)
    fdiv_tab                                 0x0800153c   Data          64  fdiv.o(.constdata)
    .constdata                               0x0800153c   Section       64  fdiv.o(.constdata)
    [Anonymous Symbol]                       0x0800157c   Section        0  main.o(.rodata.str1.1)
    locale$$data                             0x080015a0   Section      272  lc_ctype_c.o(locale$$data)
    __lcctype_c_name                         0x080015a4   Data           2  lc_ctype_c.o(locale$$data)
    __lcctype_c_start                        0x080015ac   Data           0  lc_ctype_c.o(locale$$data)
    __lcctype_c_end                          0x080016b0   Data           0  lc_ctype_c.o(locale$$data)
    _strtok_saves1                           0x20000000   Data           4  strtok.o(.data)
    .data                                    0x20000000   Section        4  strtok.o(.data)
    [Anonymous Symbol]                       0x20000004   Section        0  main.o(.data..L_MergedGlobals)
    .bss                                     0x20000010   Section       96  libspace.o(.bss)
    [Anonymous Symbol]                       0x20000070   Section        0  main.o(.bss..L_MergedGlobals.1)
    Heap_Mem                                 0x200002d8   Data         512  startup_stm32f072xb.o(HEAP)
    HEAP                                     0x200002d8   Section      512  startup_stm32f072xb.o(HEAP)
    Stack_Mem                                0x200004d8   Data        1024  startup_stm32f072xb.o(STACK)
    STACK                                    0x200004d8   Section     1024  startup_stm32f072xb.o(STACK)
    __initial_sp                             0x200008d8   Data           0  startup_stm32f072xb.o(STACK)

    Global Symbols

    Symbol Name                              Value     Ov Type        Size  Object(Section)

    BuildAttributes$$THM_ISAv3M$S$PE$A:L22$X:L11$S22$IEEE1$IW$~IW$USESV6$~STKCKD$USESV7$~SHL$OTIME$ROPI$EBA8$UX$STANDARDLIB$REQ8$PRES8$EABIv2 0x00000000   Number         0  anon$$obj.o ABSOLUTE
    __ARM_exceptions_init                     - Undefined Weak Reference
    __alloca_initialize                       - Undefined Weak Reference
    __arm_preinit_                            - Undefined Weak Reference
    __cpp_initialize__aeabi_                  - Undefined Weak Reference
    __cxa_finalize                            - Undefined Weak Reference
    __sigvec_lookup                           - Undefined Weak Reference
    _atexit_init                              - Undefined Weak Reference
    _call_atexit_fns                          - Undefined Weak Reference
    _clock_init                               - Undefined Weak Reference
    _fp_trap_init                             - Undefined Weak Reference
    _fp_trap_shutdown                         - Undefined Weak Reference
    _get_lc_collate                           - Undefined Weak Reference
    _get_lc_monetary                          - Undefined Weak Reference
    _get_lc_numeric                           - Undefined Weak Reference
    _get_lc_time                              - Undefined Weak Reference
    _getenv_init                              - Undefined Weak Reference
    _handle_redirection                       - Undefined Weak Reference
    _init_alloc                               - Undefined Weak Reference
    _init_user_alloc                          - Undefined Weak Reference
    _initio                                   - Undefined Weak Reference
    _rand_init                                - Undefined Weak Reference
    _signal_finish                            - Undefined Weak Reference
    _signal_init                              - Undefined Weak Reference
    _terminate_alloc                          - Undefined Weak Reference
    _terminate_user_alloc                     - Undefined Weak Reference
    _terminateio                              - Undefined Weak Reference
    __Vectors_Size                           0x000000c0   Number         0  startup_stm32f072xb.o ABSOLUTE
    __Vectors                                0x08000000   Data           4  startup_stm32f072xb.o(RESET)
    __Vectors_End                            0x080000c0   Data           0  startup_stm32f072xb.o(RESET)
    __main                                   0x080000c1   Thumb Code     8  __main.o(!!!main)
    __scatterload                            0x080000c9   Thumb Code     0  __scatter.o(!!!scatter)
    __scatterload_rt2                        0x080000c9   Thumb Code    52  __scatter.o(!!!scatter)
    __scatterload_rt2_thumb_only             0x080000c9   Thumb Code     0  __scatter.o(!!!scatter)
    __scatterload_null                       0x080000d9   Thumb Code     0  __scatter.o(!!!scatter)
    __scatterload_copy                       0x08000105   Thumb Code    26  __scatter_copy.o(!!handler_copy)
    __scatterload_zeroinit                   0x08000121   Thumb Code    28  __scatter_zi.o(!!handler_zi)
    __rt_lib_init                            0x0800013d   Thumb Code     0  libinit.o(.ARM.Collect$$libinit$$00000000)
    __rt_lib_init_fp_1                       0x0800013f   Thumb Code     0  libinit2.o(.ARM.Collect$$libinit$$00000002)
    __rt_lib_init_heap_1                     0x0800013f   Thumb Code     0  libinit2.o(.ARM.Collect$$libinit$$0000000A)
    __rt_lib_init_lc_common                  0x0800013f   Thumb Code     0  libinit2.o(.ARM.Collect$$libinit$$0000000F)
    __rt_lib_init_preinit_1                  0x0800013f   Thumb Code     0  libinit2.o(.ARM.Collect$$libinit$$00000004)
    __rt_lib_init_rand_1                     0x0800013f   Thumb Code     0  libinit2.o(.ARM.Collect$$libinit$$0000000E)
    __rt_lib_init_user_alloc_1               0x0800013f   Thumb Code     0  libinit2.o(.ARM.Collect$$libinit$$0000000C)
    __rt_lib_init_lc_collate_1               0x08000145   Thumb Code     0  libinit2.o(.ARM.Collect$$libinit$$00000011)
    __rt_lib_init_lc_ctype_2                 0x08000145   Thumb Code     0  libinit2.o(.ARM.Collect$$libinit$$00000012)
    __rt_lib_init_alloca_1                   0x08000151   Thumb Code     0  libinit2.o(.ARM.Collect$$libinit$$0000002E)
    __rt_lib_init_argv_1                     0x08000151   Thumb Code     0  libinit2.o(.ARM.Collect$$libinit$$0000002C)
    __rt_lib_init_atexit_1                   0x08000151   Thumb Code     0  libinit2.o(.ARM.Collect$$libinit$$0000001B)
    __rt_lib_init_clock_1                    0x08000151   Thumb Code     0  libinit2.o(.ARM.Collect$$libinit$$00000021)
    __rt_lib_init_cpp_1                      0x08000151   Thumb Code     0  libinit2.o(.ARM.Collect$$libinit$$00000032)
    __rt_lib_init_exceptions_1               0x08000151   Thumb Code     0  libinit2.o(.ARM.Collect$$libinit$$00000030)
    __rt_lib_init_fp_trap_1                  0x08000151   Thumb Code     0  libinit2.o(.ARM.Collect$$libinit$$0000001F)
    __rt_lib_init_getenv_1                   0x08000151   Thumb Code     0  libinit2.o(.ARM.Collect$$libinit$$00000023)
    __rt_lib_init_lc_ctype_1                 0x08000151   Thumb Code     0  libinit2.o(.ARM.Collect$$libinit$$00000013)
    __rt_lib_init_lc_monetary_1              0x08000151   Thumb Code     0  libinit2.o(.ARM.Collect$$libinit$$00000015)
    __rt_lib_init_lc_numeric_1               0x08000151   Thumb Code     0  libinit2.o(.ARM.Collect$$libinit$$00000017)
    __rt_lib_init_lc_time_1                  0x08000151   Thumb Code     0  libinit2.o(.ARM.Collect$$libinit$$00000019)
    __rt_lib_init_return                     0x08000151   Thumb Code     0  libinit2.o(.ARM.Collect$$libinit$$00000033)
    __rt_lib_init_signal_1                   0x08000151   Thumb Code     0  libinit2.o(.ARM.Collect$$libinit$$0000001D)
    __rt_lib_init_stdio_1                    0x08000151   Thumb Code     0  libinit2.o(.ARM.Collect$$libinit$$00000025)
    __rt_lib_shutdown                        0x08000153   Thumb Code     0  libshutdown.o(.ARM.Collect$$libshutdown$$00000000)
    __rt_lib_shutdown_cpp_1                  0x08000155   Thumb Code     0  libshutdown2.o(.ARM.Collect$$libshutdown$$00000002)
    __rt_lib_shutdown_fp_trap_1              0x08000155   Thumb Code     0  libshutdown2.o(.ARM.Collect$$libshutdown$$00000007)
    __rt_lib_shutdown_heap_1                 0x08000155   Thumb Code     0  libshutdown2.o(.ARM.Collect$$libshutdown$$0000000F)
    __rt_lib_shutdown_return                 0x08000155   Thumb Code     0  libshutdown2.o(.ARM.Collect$$libshutdown$$00000010)
    __rt_lib_shutdown_signal_1               0x08000155   Thumb Code     0  libshutdown2.o(.ARM.Collect$$libshutdown$$0000000A)
    __rt_lib_shutdown_stdio_1                0x08000155   Thumb Code     0  libshutdown2.o(.ARM.Collect$$libshutdown$$00000004)
    __rt_lib_shutdown_user_alloc_1           0x08000155   Thumb Code     0  libshutdown2.o(.ARM.Collect$$libshutdown$$0000000C)
    __rt_entry                               0x08000157   Thumb Code     0  __rtentry.o(.ARM.Collect$$rtentry$$00000000)
    __rt_entry_presh_1                       0x08000157   Thumb Code     0  __rtentry2.o(.ARM.Collect$$rtentry$$00000002)
    __rt_entry_sh                            0x08000157   Thumb Code     0  __rtentry4.o(.ARM.Collect$$rtentry$$00000004)
    __rt_entry_li                            0x0800015d   Thumb Code     0  __rtentry2.o(.ARM.Collect$$rtentry$$0000000A)
    __rt_entry_postsh_1                      0x0800015d   Thumb Code     0  __rtentry2.o(.ARM.Collect$$rtentry$$00000009)
    __rt_entry_main                          0x08000161   Thumb Code     0  __rtentry2.o(.ARM.Collect$$rtentry$$0000000D)
    __rt_entry_postli_1                      0x08000161   Thumb Code     0  __rtentry2.o(.ARM.Collect$$rtentry$$0000000C)
    __rt_exit                                0x08000169   Thumb Code     0  rtexit.o(.ARM.Collect$$rtexit$$00000000)
    __rt_exit_ls                             0x0800016b   Thumb Code     0  rtexit2.o(.ARM.Collect$$rtexit$$00000003)
    __rt_exit_prels_1                        0x0800016b   Thumb Code     0  rtexit2.o(.ARM.Collect$$rtexit$$00000002)
    __rt_exit_exit                           0x0800016f   Thumb Code     0  rtexit2.o(.ARM.Collect$$rtexit$$00000004)
    Reset_Handler                            0x08000175   Thumb Code     8  startup_stm32f072xb.o(.text)
    NMI_Handler                              0x0800017d   Thumb Code     2  startup_stm32f072xb.o(.text)
    HardFault_Handler                        0x0800017f   Thumb Code     2  startup_stm32f072xb.o(.text)
    SVC_Handler                              0x08000181   Thumb Code     2  startup_stm32f072xb.o(.text)
    PendSV_Handler                           0x08000183   Thumb Code     2  startup_stm32f072xb.o(.text)
    SysTick_Handler                          0x08000185   Thumb Code     2  startup_stm32f072xb.o(.text)
    ADC1_COMP_IRQHandler                     0x08000187   Thumb Code     0  startup_stm32f072xb.o(.text)
    CEC_CAN_IRQHandler                       0x08000187   Thumb Code     0  startup_stm32f072xb.o(.text)
    DMA1_Channel1_IRQHandler                 0x08000187   Thumb Code     0  startup_stm32f072xb.o(.text)
    DMA1_Channel2_3_IRQHandler               0x08000187   Thumb Code     0  startup_stm32f072xb.o(.text)
    DMA1_Channel4_5_6_7_IRQHandler           0x08000187   Thumb Code     0  startup_stm32f072xb.o(.text)
    EXTI0_1_IRQHandler                       0x08000187   Thumb Code     0  startup_stm32f072xb.o(.text)
    EXTI2_3_IRQHandler                       0x08000187   Thumb Code     0  startup_stm32f072xb.o(.text)
    EXTI4_15_IRQHandler                      0x08000187   Thumb Code     0  startup_stm32f072xb.o(.text)
    FLASH_IRQHandler                         0x08000187   Thumb Code     0  startup_stm32f072xb.o(.text)
    I2C1_IRQHandler                          0x08000187   Thumb Code     0  startup_stm32f072xb.o(.text)
    I2C2_IRQHandler                          0x08000187   Thumb Code     0  startup_stm32f072xb.o(.text)
    PVD_VDDIO2_IRQHandler                    0x08000187   Thumb Code     0  startup_stm32f072xb.o(.text)
    RCC_CRS_IRQHandler                       0x08000187   Thumb Code     0  startup_stm32f072xb.o(.text)
    RTC_IRQHandler                           0x08000187   Thumb Code     0  startup_stm32f072xb.o(.text)
    SPI1_IRQHandler                          0x08000187   Thumb Code     0  startup_stm32f072xb.o(.text)
    SPI2_IRQHandler                          0x08000187   Thumb Code     0  startup_stm32f072xb.o(.text)
    TIM14_IRQHandler                         0x08000187   Thumb Code     0  startup_stm32f072xb.o(.text)
    TIM15_IRQHandler                         0x08000187   Thumb Code     0  startup_stm32f072xb.o(.text)
    TIM16_IRQHandler                         0x08000187   Thumb Code     0  startup_stm32f072xb.o(.text)
    TIM17_IRQHandler                         0x08000187   Thumb Code     0  startup_stm32f072xb.o(.text)
    TIM1_BRK_UP_TRG_COM_IRQHandler           0x08000187   Thumb Code     0  startup_stm32f072xb.o(.text)
    TIM1_CC_IRQHandler                       0x08000187   Thumb Code     0  startup_stm32f072xb.o(.text)
    TIM3_IRQHandler                          0x08000187   Thumb Code     0  startup_stm32f072xb.o(.text)
    TSC_IRQHandler                           0x08000187   Thumb Code     0  startup_stm32f072xb.o(.text)
    USART1_IRQHandler                        0x08000187   Thumb Code     0  startup_stm32f072xb.o(.text)
    USART2_IRQHandler                        0x08000187   Thumb Code     0  startup_stm32f072xb.o(.text)
    USART3_4_IRQHandler                      0x08000187   Thumb Code     0  startup_stm32f072xb.o(.text)
    USB_IRQHandler                           0x08000187   Thumb Code     0  startup_stm32f072xb.o(.text)
    WWDG_IRQHandler                          0x08000187   Thumb Code     0  startup_stm32f072xb.o(.text)
    __user_initial_stackheap                 0x08000189   Thumb Code     0  startup_stm32f072xb.o(.text)
    atoi                                     0x080001ad   Thumb Code    26  atoi.o(.text)
    strtok                                   0x080001c9   Thumb Code    10  strtok.o(.text)
    _memset_w                                0x080001d9   Thumb Code    26  rt_memclr.o(.text)
    _memset                                  0x080001f3   Thumb Code    30  rt_memclr.o(.text)
    __aeabi_memclr                           0x08000211   Thumb Code     4  rt_memclr.o(.text)
    __rt_memclr                              0x08000211   Thumb Code     0  rt_memclr.o(.text)
    __aeabi_memclr4                          0x08000215   Thumb Code     0  rt_memclr.o(.text)
    __aeabi_memclr8                          0x08000215   Thumb Code     0  rt_memclr.o(.text)
    __rt_memclr_w                            0x08000215   Thumb Code     4  rt_memclr.o(.text)
    __use_two_region_memory                  0x08000219   Thumb Code     2  heapauxi.o(.text)
    __rt_heap_escrow$2region                 0x0800021b   Thumb Code     2  heapauxi.o(.text)
    __rt_heap_expand$2region                 0x0800021d   Thumb Code     2  heapauxi.o(.text)
    __aeabi_d2f                              0x08000221   Thumb Code     0  d2f.o(.text)
    _d2f                                     0x08000221   Thumb Code   120  d2f.o(.text)
    __aeabi_ddiv                             0x0800029d   Thumb Code     0  ddiv.o(.text)
    _ddiv                                    0x0800029d   Thumb Code  1072  ddiv.o(.text)
    _drdiv                                   0x080006cd   Thumb Code    20  ddiv.o(.text)
    __aeabi_i2d_normalise                    0x080006e5   Thumb Code    66  dflti.o(.text)
    __aeabi_i2d                              0x08000727   Thumb Code    16  dflti.o(.text)
    _dflt                                    0x08000727   Thumb Code     0  dflti.o(.text)
    __aeabi_ui2d                             0x08000737   Thumb Code     6  dflti.o(.text)
    _dfltu                                   0x08000737   Thumb Code     0  dflti.o(.text)
    __aeabi_dmul                             0x0800073d   Thumb Code     0  dmul.o(.text)
    _dmul                                    0x0800073d   Thumb Code   558  dmul.o(.text)
    __aeabi_f2d                              0x08000985   Thumb Code     0  f2d.o(.text)
    _f2d                                     0x08000985   Thumb Code    80  f2d.o(.text)
    __aeabi_fdiv                             0x080009d9   Thumb Code     0  fdiv.o(.text)
    _fdiv                                    0x080009d9   Thumb Code   334  fdiv.o(.text)
    _frdiv                                   0x08000b27   Thumb Code     8  fdiv.o(.text)
    __aeabi_i2f_normalise                    0x08000b39   Thumb Code    72  fflti.o(.text)
    __aeabi_i2f                              0x08000b81   Thumb Code    16  fflti.o(.text)
    _fflt                                    0x08000b81   Thumb Code     0  fflti.o(.text)
    __aeabi_ui2f                             0x08000b91   Thumb Code     6  fflti.o(.text)
    _ffltu                                   0x08000b91   Thumb Code     0  fflti.o(.text)
    __aeabi_errno_addr                       0x08000b99   Thumb Code     8  rt_errno_addr_intlibspace.o(.text)
    __errno$intlibspace                      0x08000b99   Thumb Code     0  rt_errno_addr_intlibspace.o(.text)
    __rt_errno_addr$intlibspace              0x08000b99   Thumb Code     0  rt_errno_addr_intlibspace.o(.text)
    strtol                                   0x08000ba1   Thumb Code   108  strtol.o(.text)
    __strtok_internal                        0x08000c11   Thumb Code    66  strtok_int.o(.text)
    __user_libspace                          0x08000c59   Thumb Code     8  libspace.o(.text)
    __user_perproc_libspace                  0x08000c59   Thumb Code     0  libspace.o(.text)
    __user_perthread_libspace                0x08000c59   Thumb Code     0  libspace.o(.text)
    __rt_ctype_table                         0x08000c61   Thumb Code    16  rt_ctype_table.o(.text)
    _strtoul                                 0x08000c71   Thumb Code   166  _strtoul.o(.text)
    strcspn                                  0x08000d17   Thumb Code    34  strcspn.o(.text)
    strspn                                   0x08000d39   Thumb Code    32  strspn.o(.text)
    __user_setup_stackheap                   0x08000d59   Thumb Code    62  sys_stackheap_outer.o(.text)
    __rt_locale                              0x08000d99   Thumb Code     8  rt_locale_intlibspace.o(.text)
    _chval                                   0x08000da1   Thumb Code    30  _chval.o(.text)
    exit                                     0x08000dbf   Thumb Code    16  exit.o(.text)
    strcmp                                   0x08000dd1   Thumb Code   176  strcmpv6m.o(.text)
    _sys_exit                                0x08000e81   Thumb Code     8  sys_exit.o(.text)
    __I$use$semihosting                      0x08000e8d   Thumb Code     0  use_no_semi.o(.text)
    __use_no_semihosting_swi                 0x08000e8d   Thumb Code     2  use_no_semi.o(.text)
    SystemInit                               0x08000e8f   Thumb Code     2  system_stm32f0xx.o(.text.SystemInit)
    __semihosting_library_function           0x08000e8f   Thumb Code     0  indicate_semi.o(.text)
    TIM2_IRQHandler                          0x08000e91   Thumb Code    40  main.o(.text.TIM2_IRQHandler)
    TIM2_setup                               0x08000ebd   Thumb Code    90  pwm_init.o(.text.TIM2_setup)
    TIM3_setup                               0x08000f19   Thumb Code    48  pwm_init.o(.text.TIM3_setup)
    TIM6_DAC_IRQHandler                      0x08000f51   Thumb Code    96  main.o(.text.TIM6_DAC_IRQHandler)
    TIM6_setup                               0x08000fbd   Thumb Code    32  pwm_init.o(.text.TIM6_setup)
    TIM7_IRQHandler                          0x08000fe5   Thumb Code    64  main.o(.text.TIM7_IRQHandler)
    TIM7_setup                               0x08001029   Thumb Code    40  pwm_init.o(.text.TIM7_setup)
    UART_Init                                0x08001055   Thumb Code    76  uart_init.o(.text.UART_Init)
    main                                     0x080010ad   Thumb Code   588  main.o(.text.main)
    ports_for_timers_init                    0x08001335   Thumb Code   128  pwm_init.o(.text.ports_for_timers_init)
    start_counting_time_mks                  0x080013bd   Thumb Code    28  pwm_init.o(.text.start_counting_time_mks)
    _get_lc_ctype                            0x080013e1   Thumb Code    44  lc_ctype_c.o(locale$$code)
    __aeabi_fmul                             0x0800140d   Thumb Code     0  fmul.o(x$fpl$fmul)
    _fmul                                    0x0800140d   Thumb Code   172  fmul.o(x$fpl$fmul)
    __I$use$fp                               0x080014bc   Number         0  usenofp.o(x$fpl$usenofp)
    Region$$Table$$Base                      0x08001580   Number         0  anon$$obj.o(Region$$Table)
    Region$$Table$$Limit                     0x080015a0   Number         0  anon$$obj.o(Region$$Table)
    __ctype                                  0x080015ad   Data           0  lc_ctype_c.o(locale$$data)
    T                                        0x20000004   Data           4  main.o(.data..L_MergedGlobals)
    Piece                                    0x20000008   Data           4  main.o(.data..L_MergedGlobals)
    cycle                                    0x2000000c   Data           4  main.o(.data..L_MergedGlobals)
    __libspace_start                         0x20000010   Data          96  libspace.o(.bss)
    __temporary_stack_top$libspace           0x20000070   Data           0  libspace.o(.bss)
    buffer_index                             0x20000070   Data           1  main.o(.bss..L_MergedGlobals.1)
    count                                    0x20000074   Data           4  main.o(.bss..L_MergedGlobals.1)
    TimeR                                    0x20000078   Data           4  main.o(.bss..L_MergedGlobals.1)
    settings                                 0x2000007c   Data           4  main.o(.bss..L_MergedGlobals.1)
    first_inter_tim6                         0x20000080   Data           4  main.o(.bss..L_MergedGlobals.1)
    first_inter_tim7                         0x20000084   Data           4  main.o(.bss..L_MergedGlobals.1)
    I                                        0x20000088   Data           4  main.o(.bss..L_MergedGlobals.1)
    LU                                       0x2000008c   Data           4  main.o(.bss..L_MergedGlobals.1)
    TimeZap                                  0x20000090   Data           4  main.o(.bss..L_MergedGlobals.1)
    TI                                       0x20000094   Data           4  main.o(.bss..L_MergedGlobals.1)
    tau                                      0x20000098   Data           4  main.o(.bss..L_MergedGlobals.1)
    D                                        0x2000009c   Data           4  main.o(.bss..L_MergedGlobals.1)
    mode_signal                              0x200000a0   Data           4  main.o(.bss..L_MergedGlobals.1)
    flag                                     0x200000a4   Data           4  main.o(.bss..L_MergedGlobals.1)
    TimetoNext                               0x200000a8   Data           8  main.o(.bss..L_MergedGlobals.1)
    ActiveTime                               0x200000b0   Data           8  main.o(.bss..L_MergedGlobals.1)
    buffer_for_split                         0x200000b8   Data          16  main.o(.bss..L_MergedGlobals.1)
    buffer                                   0x200000c8   Data         128  main.o(.bss.buffer)
    buffer_of_ints                           0x20000148   Data         400  main.o(.bss.buffer_of_ints)



==============================================================================

Memory Map of the image

  Image Entry point : 0x08000175

  Load Region LR_1 (Base: 0x08000000, Size: 0x000016c0, Max: 0xffffffff, ABSOLUTE)

    Execution Region ER_RO (Exec base: 0x08000000, Load base: 0x08000000, Size: 0x000016b0, Max: 0xffffffff, ABSOLUTE)

    Exec Addr    Load Addr    Size         Type   Attr      Idx    E Section Name        Object

    0x08000000   0x08000000   0x000000c0   Data   RO           70    RESET               startup_stm32f072xb.o
    0x080000c0   0x080000c0   0x00000008   Code   RO          111  * !!!main             c_p.l(__main.o)
    0x080000c8   0x080000c8   0x0000003c   Code   RO          334    !!!scatter          c_p.l(__scatter.o)
    0x08000104   0x08000104   0x0000001a   Code   RO          336    !!handler_copy      c_p.l(__scatter_copy.o)
    0x0800011e   0x0800011e   0x00000002   PAD
    0x08000120   0x08000120   0x0000001c   Code   RO          338    !!handler_zi        c_p.l(__scatter_zi.o)
    0x0800013c   0x0800013c   0x00000002   Code   RO          198    .ARM.Collect$$libinit$$00000000  c_p.l(libinit.o)
    0x0800013e   0x0800013e   0x00000000   Code   RO          211    .ARM.Collect$$libinit$$00000002  c_p.l(libinit2.o)
    0x0800013e   0x0800013e   0x00000000   Code   RO          213    .ARM.Collect$$libinit$$00000004  c_p.l(libinit2.o)
    0x0800013e   0x0800013e   0x00000000   Code   RO          216    .ARM.Collect$$libinit$$0000000A  c_p.l(libinit2.o)
    0x0800013e   0x0800013e   0x00000000   Code   RO          218    .ARM.Collect$$libinit$$0000000C  c_p.l(libinit2.o)
    0x0800013e   0x0800013e   0x00000000   Code   RO          220    .ARM.Collect$$libinit$$0000000E  c_p.l(libinit2.o)
    0x0800013e   0x0800013e   0x00000006   Code   RO          221    .ARM.Collect$$libinit$$0000000F  c_p.l(libinit2.o)
    0x08000144   0x08000144   0x00000000   Code   RO          223    .ARM.Collect$$libinit$$00000011  c_p.l(libinit2.o)
    0x08000144   0x08000144   0x0000000c   Code   RO          224    .ARM.Collect$$libinit$$00000012  c_p.l(libinit2.o)
    0x08000150   0x08000150   0x00000000   Code   RO          225    .ARM.Collect$$libinit$$00000013  c_p.l(libinit2.o)
    0x08000150   0x08000150   0x00000000   Code   RO          227    .ARM.Collect$$libinit$$00000015  c_p.l(libinit2.o)
    0x08000150   0x08000150   0x00000000   Code   RO          229    .ARM.Collect$$libinit$$00000017  c_p.l(libinit2.o)
    0x08000150   0x08000150   0x00000000   Code   RO          231    .ARM.Collect$$libinit$$00000019  c_p.l(libinit2.o)
    0x08000150   0x08000150   0x00000000   Code   RO          233    .ARM.Collect$$libinit$$0000001B  c_p.l(libinit2.o)
    0x08000150   0x08000150   0x00000000   Code   RO          235    .ARM.Collect$$libinit$$0000001D  c_p.l(libinit2.o)
    0x08000150   0x08000150   0x00000000   Code   RO          237    .ARM.Collect$$libinit$$0000001F  c_p.l(libinit2.o)
    0x08000150   0x08000150   0x00000000   Code   RO          239    .ARM.Collect$$libinit$$00000021  c_p.l(libinit2.o)
    0x08000150   0x08000150   0x00000000   Code   RO          241    .ARM.Collect$$libinit$$00000023  c_p.l(libinit2.o)
    0x08000150   0x08000150   0x00000000   Code   RO          243    .ARM.Collect$$libinit$$00000025  c_p.l(libinit2.o)
    0x08000150   0x08000150   0x00000000   Code   RO          247    .ARM.Collect$$libinit$$0000002C  c_p.l(libinit2.o)
    0x08000150   0x08000150   0x00000000   Code   RO          249    .ARM.Collect$$libinit$$0000002E  c_p.l(libinit2.o)
    0x08000150   0x08000150   0x00000000   Code   RO          251    .ARM.Collect$$libinit$$00000030  c_p.l(libinit2.o)
    0x08000150   0x08000150   0x00000000   Code   RO          253    .ARM.Collect$$libinit$$00000032  c_p.l(libinit2.o)
    0x08000150   0x08000150   0x00000002   Code   RO          254    .ARM.Collect$$libinit$$00000033  c_p.l(libinit2.o)
    0x08000152   0x08000152   0x00000002   Code   RO          289    .ARM.Collect$$libshutdown$$00000000  c_p.l(libshutdown.o)
    0x08000154   0x08000154   0x00000000   Code   RO          317    .ARM.Collect$$libshutdown$$00000002  c_p.l(libshutdown2.o)
    0x08000154   0x08000154   0x00000000   Code   RO          319    .ARM.Collect$$libshutdown$$00000004  c_p.l(libshutdown2.o)
    0x08000154   0x08000154   0x00000000   Code   RO          322    .ARM.Collect$$libshutdown$$00000007  c_p.l(libshutdown2.o)
    0x08000154   0x08000154   0x00000000   Code   RO          325    .ARM.Collect$$libshutdown$$0000000A  c_p.l(libshutdown2.o)
    0x08000154   0x08000154   0x00000000   Code   RO          327    .ARM.Collect$$libshutdown$$0000000C  c_p.l(libshutdown2.o)
    0x08000154   0x08000154   0x00000000   Code   RO          330    .ARM.Collect$$libshutdown$$0000000F  c_p.l(libshutdown2.o)
    0x08000154   0x08000154   0x00000002   Code   RO          331    .ARM.Collect$$libshutdown$$00000010  c_p.l(libshutdown2.o)
    0x08000156   0x08000156   0x00000000   Code   RO          131    .ARM.Collect$$rtentry$$00000000  c_p.l(__rtentry.o)
    0x08000156   0x08000156   0x00000000   Code   RO          150    .ARM.Collect$$rtentry$$00000002  c_p.l(__rtentry2.o)
    0x08000156   0x08000156   0x00000006   Code   RO          162    .ARM.Collect$$rtentry$$00000004  c_p.l(__rtentry4.o)
    0x0800015c   0x0800015c   0x00000000   Code   RO          152    .ARM.Collect$$rtentry$$00000009  c_p.l(__rtentry2.o)
    0x0800015c   0x0800015c   0x00000004   Code   RO          153    .ARM.Collect$$rtentry$$0000000A  c_p.l(__rtentry2.o)
    0x08000160   0x08000160   0x00000000   Code   RO          155    .ARM.Collect$$rtentry$$0000000C  c_p.l(__rtentry2.o)
    0x08000160   0x08000160   0x00000008   Code   RO          156    .ARM.Collect$$rtentry$$0000000D  c_p.l(__rtentry2.o)
    0x08000168   0x08000168   0x00000002   Code   RO          200    .ARM.Collect$$rtexit$$00000000  c_p.l(rtexit.o)
    0x0800016a   0x0800016a   0x00000000   Code   RO          260    .ARM.Collect$$rtexit$$00000002  c_p.l(rtexit2.o)
    0x0800016a   0x0800016a   0x00000004   Code   RO          261    .ARM.Collect$$rtexit$$00000003  c_p.l(rtexit2.o)
    0x0800016e   0x0800016e   0x00000006   Code   RO          262    .ARM.Collect$$rtexit$$00000004  c_p.l(rtexit2.o)
    0x08000174   0x08000174   0x00000038   Code   RO           71  * .text               startup_stm32f072xb.o
    0x080001ac   0x080001ac   0x0000001a   Code   RO           94    .text               c_p.l(atoi.o)
    0x080001c6   0x080001c6   0x00000002   PAD
    0x080001c8   0x080001c8   0x00000010   Code   RO           96    .text               c_p.l(strtok.o)
    0x080001d8   0x080001d8   0x00000040   Code   RO           99    .text               c_p.l(rt_memclr.o)
    0x08000218   0x08000218   0x00000006   Code   RO          109    .text               c_p.l(heapauxi.o)
    0x0800021e   0x0800021e   0x00000002   PAD
    0x08000220   0x08000220   0x0000007c   Code   RO          113    .text               fz_ps.l(d2f.o)
    0x0800029c   0x0800029c   0x00000448   Code   RO          115    .text               fz_ps.l(ddiv.o)
    0x080006e4   0x080006e4   0x00000058   Code   RO          118    .text               fz_ps.l(dflti.o)
    0x0800073c   0x0800073c   0x00000248   Code   RO          120    .text               fz_ps.l(dmul.o)
    0x08000984   0x08000984   0x00000054   Code   RO          122    .text               fz_ps.l(f2d.o)
    0x080009d8   0x080009d8   0x00000160   Code   RO          124    .text               fz_ps.l(fdiv.o)
    0x08000b38   0x08000b38   0x0000005e   Code   RO          127    .text               fz_ps.l(fflti.o)
    0x08000b96   0x08000b96   0x00000002   PAD
    0x08000b98   0x08000b98   0x00000008   Code   RO          139    .text               c_p.l(rt_errno_addr_intlibspace.o)
    0x08000ba0   0x08000ba0   0x00000070   Code   RO          141    .text               c_p.l(strtol.o)
    0x08000c10   0x08000c10   0x00000048   Code   RO          143    .text               c_p.l(strtok_int.o)
    0x08000c58   0x08000c58   0x00000008   Code   RO          146    .text               c_p.l(libspace.o)
    0x08000c60   0x08000c60   0x00000010   Code   RO          164    .text               c_p.l(rt_ctype_table.o)
    0x08000c70   0x08000c70   0x000000a6   Code   RO          168    .text               c_p.l(_strtoul.o)
    0x08000d16   0x08000d16   0x00000022   Code   RO          170    .text               c_p.l(strcspn.o)
    0x08000d38   0x08000d38   0x00000020   Code   RO          172    .text               c_p.l(strspn.o)
    0x08000d58   0x08000d58   0x0000003e   Code   RO          174    .text               c_p.l(sys_stackheap_outer.o)
    0x08000d96   0x08000d96   0x00000002   PAD
    0x08000d98   0x08000d98   0x00000008   Code   RO          180    .text               c_p.l(rt_locale_intlibspace.o)
    0x08000da0   0x08000da0   0x0000001e   Code   RO          182    .text               c_p.l(_chval.o)
    0x08000dbe   0x08000dbe   0x00000010   Code   RO          187    .text               c_p.l(exit.o)
    0x08000dce   0x08000dce   0x00000002   PAD
    0x08000dd0   0x08000dd0   0x000000b0   Code   RO          208    .text               c_p.l(strcmpv6m.o)
    0x08000e80   0x08000e80   0x0000000c   Code   RO          255    .text               c_p.l(sys_exit.o)
    0x08000e8c   0x08000e8c   0x00000002   Code   RO          278    .text               c_p.l(use_no_semi.o)
    0x08000e8e   0x08000e8e   0x00000000   Code   RO          280    .text               c_p.l(indicate_semi.o)
    0x08000e8e   0x08000e8e   0x00000002   Code   RO           78    .text.SystemInit    system_stm32f0xx.o
    0x08000e90   0x08000e90   0x0000002c   Code   RO           12    .text.TIM2_IRQHandler  main.o
    0x08000ebc   0x08000ebc   0x0000005a   Code   RO           48    .text.TIM2_setup    pwm_init.o
    0x08000f16   0x08000f16   0x00000002   PAD
    0x08000f18   0x08000f18   0x00000038   Code   RO           52    .text.TIM3_setup    pwm_init.o
    0x08000f50   0x08000f50   0x0000006c   Code   RO           14    .text.TIM6_DAC_IRQHandler  main.o
    0x08000fbc   0x08000fbc   0x00000028   Code   RO           54    .text.TIM6_setup    pwm_init.o
    0x08000fe4   0x08000fe4   0x00000044   Code   RO           16    .text.TIM7_IRQHandler  main.o
    0x08001028   0x08001028   0x0000002c   Code   RO           56    .text.TIM7_setup    pwm_init.o
    0x08001054   0x08001054   0x00000058   Code   RO           38    .text.UART_Init     uart_init.o
    0x080010ac   0x080010ac   0x00000288   Code   RO           10    .text.main          main.o
    0x08001334   0x08001334   0x00000088   Code   RO           46    .text.ports_for_timers_init  pwm_init.o
    0x080013bc   0x080013bc   0x00000024   Code   RO           58    .text.start_counting_time_mks  pwm_init.o
    0x080013e0   0x080013e0   0x0000002c   Code   RO          185    locale$$code        c_p.l(lc_ctype_c.o)
    0x0800140c   0x0800140c   0x000000b0   Code   RO          129    x$fpl$fmul          fz_ps.l(fmul.o)
    0x080014bc   0x080014bc   0x00000000   Code   RO          145    x$fpl$usenofp       fz_ps.l(usenofp.o)
    0x080014bc   0x080014bc   0x00000080   Data   RO          116    .constdata          fz_ps.l(ddiv.o)
    0x0800153c   0x0800153c   0x00000040   Data   RO          125    .constdata          fz_ps.l(fdiv.o)
    0x0800157c   0x0800157c   0x00000002   Data   RO           23    .rodata.str1.1      main.o
    0x0800157e   0x0800157e   0x00000002   PAD
    0x08001580   0x08001580   0x00000020   Data   RO          333    Region$$Table       anon$$obj.o
    0x080015a0   0x080015a0   0x00000110   Data   RO          184    locale$$data        c_p.l(lc_ctype_c.o)


    Execution Region ER_RW (Exec base: 0x20000000, Load base: 0x080016b0, Size: 0x00000010, Max: 0xffffffff, ABSOLUTE)

    Exec Addr    Load Addr    Size         Type   Attr      Idx    E Section Name        Object

    0x20000000   0x080016b0   0x00000004   Data   RW           97    .data               c_p.l(strtok.o)
    0x20000004   0x080016b4   0x0000000c   Data   RW           28    .data..L_MergedGlobals  main.o


    Execution Region ER_ZI (Exec base: 0x20000010, Load base: 0x080016c0, Size: 0x000008c8, Max: 0xffffffff, ABSOLUTE)

    Exec Addr    Load Addr    Size         Type   Attr      Idx    E Section Name        Object

    0x20000010        -       0x00000060   Zero   RW          147    .bss                c_p.l(libspace.o)
    0x20000070        -       0x00000058   Zero   RW           29    .bss..L_MergedGlobals.1  main.o
    0x200000c8        -       0x00000080   Zero   RW           21    .bss.buffer         main.o
    0x20000148        -       0x00000190   Zero   RW           22    .bss.buffer_of_ints  main.o
    0x200002d8        -       0x00000200   Zero   RW           69    HEAP                startup_stm32f072xb.o
    0x200004d8        -       0x00000400   Zero   RW           68    STACK               startup_stm32f072xb.o


==============================================================================

Image component sizes


      Code (inc. data)   RO Data    RW Data    ZI Data      Debug   Object Name

       868         80          2         12        616       6220   main.o
       402         36          0          0          0       3804   pwm_init.o
        56         26        192          0       1536        644   startup_stm32f072xb.o
         2          0          0          0          0       1770   system_stm32f0xx.o
        88         12          0          0          0       1526   uart_init.o

    ----------------------------------------------------------------------
      1418        154        228         12       2152      13964   Object Totals
         0          0         32          0          0          0   (incl. Generated)
         2          0          2          0          0          0   (incl. Padding)

    ----------------------------------------------------------------------

      Code (inc. data)   RO Data    RW Data    ZI Data      Debug   Library Member Name

         8          0          0          0          0         68   __main.o
         0          0          0          0          0          0   __rtentry.o
        12          0          0          0          0          0   __rtentry2.o
         6          0          0          0          0          0   __rtentry4.o
        60          8          0          0          0          0   __scatter.o
        26          0          0          0          0          0   __scatter_copy.o
        28          0          0          0          0          0   __scatter_zi.o
        30          0          0          0          0         60   _chval.o
       166          0          0          0          0         84   _strtoul.o
        26          0          0          0          0         72   atoi.o
        16          0          0          0          0         68   exit.o
         6          0          0          0          0        136   heapauxi.o
         0          0          0          0          0          0   indicate_semi.o
        44         10        272          0          0         76   lc_ctype_c.o
         2          0          0          0          0          0   libinit.o
        20          0          0          0          0          0   libinit2.o
         2          0          0          0          0          0   libshutdown.o
         2          0          0          0          0          0   libshutdown2.o
         8          4          0          0         96         68   libspace.o
        16          4          0          0          0         76   rt_ctype_table.o
         8          4          0          0          0         68   rt_errno_addr_intlibspace.o
         8          4          0          0          0         68   rt_locale_intlibspace.o
        64          0          0          0          0        108   rt_memclr.o
         2          0          0          0          0          0   rtexit.o
        10          0          0          0          0          0   rtexit2.o
       176          4          0          0          0         80   strcmpv6m.o
        34          0          0          0          0         72   strcspn.o
        32          0          0          0          0         72   strspn.o
        16          6          0          4          0         68   strtok.o
        72          6          0          0          0         76   strtok_int.o
       112          4          0          0          0         76   strtol.o
        12          4          0          0          0         60   sys_exit.o
        62          0          0          0          0         80   sys_stackheap_outer.o
         2          0          0          0          0         68   use_no_semi.o
       124          4          0          0          0         72   d2f.o
      1096         26        128          0          0        112   ddiv.o
        88          0          0          0          0         92   dflti.o
       584         26          0          0          0         84   dmul.o
        84          4          0          0          0         60   f2d.o
       352         10         64          0          0         92   fdiv.o
        94          0          0          0          0         92   fflti.o
       176          4          0          0          0         80   fmul.o
         0          0          0          0          0          0   usenofp.o

    ----------------------------------------------------------------------
      3698        132        464          4         96       2288   Library Totals
        12          0          0          0          0          0   (incl. Padding)

    ----------------------------------------------------------------------

      Code (inc. data)   RO Data    RW Data    ZI Data      Debug   Library Name

      1088         58        272          4         96       1604   c_p.l
      2598         74        192          0          0        684   fz_ps.l

    ----------------------------------------------------------------------
      3698        132        464          4         96       2288   Library Totals

    ----------------------------------------------------------------------

==============================================================================


      Code (inc. data)   RO Data    RW Data    ZI Data      Debug   

      5116        286        692         16       2248      15084   Grand Totals
      5116        286        692         16       2248      15084   ELF Image Totals
      5116        286        692         16          0          0   ROM Totals

==============================================================================

    Total RO  Size (Code + RO Data)                 5808 (   5.67kB)
    Total RW  Size (RW Data + ZI Data)              2264 (   2.21kB)
    Total ROM Size (Code + RO Data + RW Data)       5824 (   5.69kB)

==============================================================================

